[2026-09-27T01:32:29.390+0000] {processor.py:186} INFO - Started process (PID=2296) to work on /opt/airflow/dags/etl_pipeline.py
[2026-09-27T01:32:29.391+0000] {processor.py:914} INFO - Processing file /opt/airflow/dags/etl_pipeline.py for tasks to queue
[2026-09-27T01:32:29.392+0000] {logging_mixin.py:190} INFO - [2026-09-27T01:32:29.392+0000] {dagbag.py:588} INFO - Filling up the DagBag from /opt/airflow/dags/etl_pipeline.py
[2026-09-27T01:32:29.402+0000] {processor.py:925} INFO - DAG(s) 'etl_pipeline' retrieved from /opt/airflow/dags/etl_pipeline.py
[2026-09-27T01:32:29.537+0000] {logging_mixin.py:190} INFO - [2026-09-27T01:32:29.537+0000] {override.py:1900} INFO - Created Permission View: can read on DAG:etl_pipeline
[2026-09-27T01:32:29.542+0000] {logging_mixin.py:190} INFO - [2026-09-27T01:32:29.542+0000] {override.py:1900} INFO - Created Permission View: can edit on DAG:etl_pipeline
[2026-09-27T01:32:29.546+0000] {logging_mixin.py:190} INFO - [2026-09-27T01:32:29.546+0000] {override.py:1900} INFO - Created Permission View: can delete on DAG:etl_pipeline
[2026-09-27T01:32:29.550+0000] {logging_mixin.py:190} INFO - [2026-09-27T01:32:29.550+0000] {override.py:1900} INFO - Created Permission View: can read on DAG Run:etl_pipeline
[2026-09-27T01:32:29.554+0000] {logging_mixin.py:190} INFO - [2026-09-27T01:32:29.554+0000] {override.py:1900} INFO - Created Permission View: can create on DAG Run:etl_pipeline
[2026-09-27T01:32:29.558+0000] {logging_mixin.py:190} INFO - [2026-09-27T01:32:29.557+0000] {override.py:1900} INFO - Created Permission View: can delete on DAG Run:etl_pipeline
[2026-09-27T01:32:29.561+0000] {logging_mixin.py:190} INFO - [2026-09-27T01:32:29.561+0000] {override.py:1900} INFO - Created Permission View: menu access on DAG Run:etl_pipeline
[2026-09-27T01:32:29.561+0000] {logging_mixin.py:190} INFO - [2026-09-27T01:32:29.561+0000] {dag.py:3239} INFO - Sync 1 DAGs
[2026-09-27T01:32:29.567+0000] {logging_mixin.py:190} INFO - [2026-09-27T01:32:29.567+0000] {dag.py:3262} INFO - Creating ORM DAG for etl_pipeline
[2026-09-27T01:32:29.568+0000] {logging_mixin.py:190} INFO - [2026-09-27T01:32:29.568+0000] {dag.py:4180} INFO - Setting next_dagrun for etl_pipeline to None, run_after=None
[2026-09-27T01:32:29.579+0000] {processor.py:208} INFO - Processing /opt/airflow/dags/etl_pipeline.py took 0.193 seconds
[2026-09-27T01:33:04.653+0000] {processor.py:186} INFO - Started process (PID=163) to work on /opt/airflow/dags/etl_pipeline.py
[2026-09-27T01:33:04.654+0000] {processor.py:914} INFO - Processing file /opt/airflow/dags/etl_pipeline.py for tasks to queue
[2026-09-27T01:33:04.656+0000] {logging_mixin.py:190} INFO - [2026-09-27T01:33:04.655+0000] {dagbag.py:588} INFO - Filling up the DagBag from /opt/airflow/dags/etl_pipeline.py
[2026-09-27T01:33:04.665+0000] {processor.py:925} INFO - DAG(s) 'etl_pipeline' retrieved from /opt/airflow/dags/etl_pipeline.py
[2026-09-27T01:33:04.691+0000] {logging_mixin.py:190} INFO - [2026-09-27T01:33:04.690+0000] {dag.py:3239} INFO - Sync 1 DAGs
[2026-09-27T01:33:04.700+0000] {logging_mixin.py:190} INFO - [2026-09-27T01:33:04.700+0000] {dag.py:4180} INFO - Setting next_dagrun for etl_pipeline to None, run_after=None
[2026-09-27T01:33:04.712+0000] {processor.py:208} INFO - Processing /opt/airflow/dags/etl_pipeline.py took 0.062 seconds
[2026-09-27T01:33:35.261+0000] {processor.py:186} INFO - Started process (PID=174) to work on /opt/airflow/dags/etl_pipeline.py
[2026-09-27T01:33:35.263+0000] {processor.py:914} INFO - Processing file /opt/airflow/dags/etl_pipeline.py for tasks to queue
[2026-09-27T01:33:35.265+0000] {logging_mixin.py:190} INFO - [2026-09-27T01:33:35.265+0000] {dagbag.py:588} INFO - Filling up the DagBag from /opt/airflow/dags/etl_pipeline.py
[2026-09-27T01:33:35.273+0000] {processor.py:925} INFO - DAG(s) 'etl_pipeline' retrieved from /opt/airflow/dags/etl_pipeline.py
[2026-09-27T01:33:35.291+0000] {logging_mixin.py:190} INFO - [2026-09-27T01:33:35.291+0000] {dag.py:3239} INFO - Sync 1 DAGs
[2026-09-27T01:33:35.300+0000] {logging_mixin.py:190} INFO - [2026-09-27T01:33:35.300+0000] {dag.py:4180} INFO - Setting next_dagrun for etl_pipeline to None, run_after=None
[2026-09-27T01:33:35.310+0000] {processor.py:208} INFO - Processing /opt/airflow/dags/etl_pipeline.py took 0.058 seconds
[2026-09-27T01:34:05.632+0000] {processor.py:186} INFO - Started process (PID=185) to work on /opt/airflow/dags/etl_pipeline.py
[2026-09-27T01:34:05.633+0000] {processor.py:914} INFO - Processing file /opt/airflow/dags/etl_pipeline.py for tasks to queue
[2026-09-27T01:34:05.635+0000] {logging_mixin.py:190} INFO - [2026-09-27T01:34:05.635+0000] {dagbag.py:588} INFO - Filling up the DagBag from /opt/airflow/dags/etl_pipeline.py
[2026-09-27T01:34:05.642+0000] {processor.py:925} INFO - DAG(s) 'etl_pipeline' retrieved from /opt/airflow/dags/etl_pipeline.py
[2026-09-27T01:34:05.659+0000] {logging_mixin.py:190} INFO - [2026-09-27T01:34:05.659+0000] {dag.py:3239} INFO - Sync 1 DAGs
[2026-09-27T01:34:05.666+0000] {logging_mixin.py:190} INFO - [2026-09-27T01:34:05.666+0000] {dag.py:4180} INFO - Setting next_dagrun for etl_pipeline to None, run_after=None
[2026-09-27T01:34:05.677+0000] {processor.py:208} INFO - Processing /opt/airflow/dags/etl_pipeline.py took 0.053 seconds
[2026-09-27T01:34:36.369+0000] {processor.py:186} INFO - Started process (PID=195) to work on /opt/airflow/dags/etl_pipeline.py
[2026-09-27T01:34:36.370+0000] {processor.py:914} INFO - Processing file /opt/airflow/dags/etl_pipeline.py for tasks to queue
[2026-09-27T01:34:36.371+0000] {logging_mixin.py:190} INFO - [2026-09-27T01:34:36.371+0000] {dagbag.py:588} INFO - Filling up the DagBag from /opt/airflow/dags/etl_pipeline.py
[2026-09-27T01:34:36.377+0000] {processor.py:925} INFO - DAG(s) 'etl_pipeline' retrieved from /opt/airflow/dags/etl_pipeline.py
[2026-09-27T01:34:36.395+0000] {logging_mixin.py:190} INFO - [2026-09-27T01:34:36.395+0000] {dag.py:3239} INFO - Sync 1 DAGs
[2026-09-27T01:34:36.403+0000] {logging_mixin.py:190} INFO - [2026-09-27T01:34:36.403+0000] {dag.py:4180} INFO - Setting next_dagrun for etl_pipeline to None, run_after=None
[2026-09-27T01:34:36.414+0000] {processor.py:208} INFO - Processing /opt/airflow/dags/etl_pipeline.py took 0.049 seconds
[2026-09-27T01:35:06.800+0000] {processor.py:186} INFO - Started process (PID=206) to work on /opt/airflow/dags/etl_pipeline.py
[2026-09-27T01:35:06.801+0000] {processor.py:914} INFO - Processing file /opt/airflow/dags/etl_pipeline.py for tasks to queue
[2026-09-27T01:35:06.802+0000] {logging_mixin.py:190} INFO - [2026-09-27T01:35:06.802+0000] {dagbag.py:588} INFO - Filling up the DagBag from /opt/airflow/dags/etl_pipeline.py
[2026-09-27T01:35:06.810+0000] {processor.py:925} INFO - DAG(s) 'etl_pipeline' retrieved from /opt/airflow/dags/etl_pipeline.py
[2026-09-27T01:35:06.827+0000] {logging_mixin.py:190} INFO - [2026-09-27T01:35:06.827+0000] {dag.py:3239} INFO - Sync 1 DAGs
[2026-09-27T01:35:06.836+0000] {logging_mixin.py:190} INFO - [2026-09-27T01:35:06.836+0000] {dag.py:4180} INFO - Setting next_dagrun for etl_pipeline to None, run_after=None
[2026-09-27T01:35:06.847+0000] {processor.py:208} INFO - Processing /opt/airflow/dags/etl_pipeline.py took 0.052 seconds
[2026-09-27T01:35:37.657+0000] {processor.py:186} INFO - Started process (PID=217) to work on /opt/airflow/dags/etl_pipeline.py
[2026-09-27T01:35:37.658+0000] {processor.py:914} INFO - Processing file /opt/airflow/dags/etl_pipeline.py for tasks to queue
[2026-09-27T01:35:37.659+0000] {logging_mixin.py:190} INFO - [2026-09-27T01:35:37.659+0000] {dagbag.py:588} INFO - Filling up the DagBag from /opt/airflow/dags/etl_pipeline.py
[2026-09-27T01:35:37.666+0000] {processor.py:925} INFO - DAG(s) 'etl_pipeline' retrieved from /opt/airflow/dags/etl_pipeline.py
[2026-09-27T01:35:37.682+0000] {logging_mixin.py:190} INFO - [2026-09-27T01:35:37.682+0000] {dag.py:3239} INFO - Sync 1 DAGs
[2026-09-27T01:35:37.689+0000] {logging_mixin.py:190} INFO - [2026-09-27T01:35:37.689+0000] {dag.py:4180} INFO - Setting next_dagrun for etl_pipeline to None, run_after=None
[2026-09-27T01:35:37.700+0000] {processor.py:208} INFO - Processing /opt/airflow/dags/etl_pipeline.py took 0.046 seconds
[2026-09-27T01:36:08.607+0000] {processor.py:186} INFO - Started process (PID=228) to work on /opt/airflow/dags/etl_pipeline.py
[2026-09-27T01:36:08.608+0000] {processor.py:914} INFO - Processing file /opt/airflow/dags/etl_pipeline.py for tasks to queue
[2026-09-27T01:36:08.610+0000] {logging_mixin.py:190} INFO - [2026-09-27T01:36:08.610+0000] {dagbag.py:588} INFO - Filling up the DagBag from /opt/airflow/dags/etl_pipeline.py
[2026-09-27T01:36:08.619+0000] {processor.py:925} INFO - DAG(s) 'etl_pipeline' retrieved from /opt/airflow/dags/etl_pipeline.py
[2026-09-27T01:36:08.638+0000] {logging_mixin.py:190} INFO - [2026-09-27T01:36:08.638+0000] {dag.py:3239} INFO - Sync 1 DAGs
[2026-09-27T01:36:08.647+0000] {logging_mixin.py:190} INFO - [2026-09-27T01:36:08.647+0000] {dag.py:4180} INFO - Setting next_dagrun for etl_pipeline to None, run_after=None
[2026-09-27T01:36:08.659+0000] {processor.py:208} INFO - Processing /opt/airflow/dags/etl_pipeline.py took 0.057 seconds
[2026-09-27T01:36:39.027+0000] {processor.py:186} INFO - Started process (PID=257) to work on /opt/airflow/dags/etl_pipeline.py
[2026-09-27T01:36:39.028+0000] {processor.py:914} INFO - Processing file /opt/airflow/dags/etl_pipeline.py for tasks to queue
[2026-09-27T01:36:39.030+0000] {logging_mixin.py:190} INFO - [2026-09-27T01:36:39.030+0000] {dagbag.py:588} INFO - Filling up the DagBag from /opt/airflow/dags/etl_pipeline.py
[2026-09-27T01:36:39.037+0000] {processor.py:925} INFO - DAG(s) 'etl_pipeline' retrieved from /opt/airflow/dags/etl_pipeline.py
[2026-09-27T01:36:39.055+0000] {logging_mixin.py:190} INFO - [2026-09-27T01:36:39.055+0000] {dag.py:3239} INFO - Sync 1 DAGs
[2026-09-27T01:36:39.064+0000] {logging_mixin.py:190} INFO - [2026-09-27T01:36:39.064+0000] {dag.py:4180} INFO - Setting next_dagrun for etl_pipeline to None, run_after=None
[2026-09-27T01:36:39.075+0000] {processor.py:208} INFO - Processing /opt/airflow/dags/etl_pipeline.py took 0.054 seconds
[2026-09-27T01:36:51.679+0000] {processor.py:186} INFO - Started process (PID=268) to work on /opt/airflow/dags/etl_pipeline.py
[2026-09-27T01:36:51.680+0000] {processor.py:914} INFO - Processing file /opt/airflow/dags/etl_pipeline.py for tasks to queue
[2026-09-27T01:36:51.681+0000] {logging_mixin.py:190} INFO - [2026-09-27T01:36:51.681+0000] {dagbag.py:588} INFO - Filling up the DagBag from /opt/airflow/dags/etl_pipeline.py
[2026-09-27T01:36:51.688+0000] {processor.py:925} INFO - DAG(s) 'etl_pipeline' retrieved from /opt/airflow/dags/etl_pipeline.py
[2026-09-27T01:36:51.706+0000] {logging_mixin.py:190} INFO - [2026-09-27T01:36:51.706+0000] {dag.py:1660} INFO - Executing dag callback function: <function on_dag_success at 0x7fe46f558ea0>
[2026-09-27T01:36:51.711+0000] {logging_mixin.py:190} WARNING - /home/airflow/.local/lib/python3.11/site-packages/airflow/utils/email.py:155 RemovedInAirflow3Warning: Fetching SMTP credentials from configuration variables will be deprecated in a future release. Please set credentials using a connection instead.
[2026-09-27T01:36:51.711+0000] {logging_mixin.py:190} INFO - [2026-09-27T01:36:51.711+0000] {email.py:272} INFO - Email alerting: attempt 1
[2026-09-27T01:36:51.712+0000] {logging_mixin.py:190} INFO - [2026-09-27T01:36:51.712+0000] {email.py:283} INFO - Sent an alert email to ['data-team@example.com']
[2026-09-27T01:36:51.724+0000] {logging_mixin.py:190} INFO - [2026-09-27T01:36:51.724+0000] {dag.py:3239} INFO - Sync 1 DAGs
[2026-09-27T01:36:51.730+0000] {logging_mixin.py:190} INFO - [2026-09-27T01:36:51.730+0000] {dag.py:4180} INFO - Setting next_dagrun for etl_pipeline to None, run_after=None
[2026-09-27T01:36:51.740+0000] {processor.py:208} INFO - Processing /opt/airflow/dags/etl_pipeline.py took 0.065 seconds
[2026-09-27T01:37:22.310+0000] {processor.py:186} INFO - Started process (PID=279) to work on /opt/airflow/dags/etl_pipeline.py
[2026-09-27T01:37:22.311+0000] {processor.py:914} INFO - Processing file /opt/airflow/dags/etl_pipeline.py for tasks to queue
[2026-09-27T01:37:22.312+0000] {logging_mixin.py:190} INFO - [2026-09-27T01:37:22.312+0000] {dagbag.py:588} INFO - Filling up the DagBag from /opt/airflow/dags/etl_pipeline.py
[2026-09-27T01:37:22.319+0000] {processor.py:925} INFO - DAG(s) 'etl_pipeline' retrieved from /opt/airflow/dags/etl_pipeline.py
[2026-09-27T01:37:22.335+0000] {logging_mixin.py:190} INFO - [2026-09-27T01:37:22.335+0000] {dag.py:3239} INFO - Sync 1 DAGs
[2026-09-27T01:37:22.343+0000] {logging_mixin.py:190} INFO - [2026-09-27T01:37:22.343+0000] {dag.py:4180} INFO - Setting next_dagrun for etl_pipeline to None, run_after=None
[2026-09-27T01:37:22.353+0000] {processor.py:208} INFO - Processing /opt/airflow/dags/etl_pipeline.py took 0.052 seconds
[2026-09-27T01:37:52.711+0000] {processor.py:186} INFO - Started process (PID=290) to work on /opt/airflow/dags/etl_pipeline.py
[2026-09-27T01:37:52.712+0000] {processor.py:914} INFO - Processing file /opt/airflow/dags/etl_pipeline.py for tasks to queue
[2026-09-27T01:37:52.713+0000] {logging_mixin.py:190} INFO - [2026-09-27T01:37:52.713+0000] {dagbag.py:588} INFO - Filling up the DagBag from /opt/airflow/dags/etl_pipeline.py
[2026-09-27T01:37:52.720+0000] {processor.py:925} INFO - DAG(s) 'etl_pipeline' retrieved from /opt/airflow/dags/etl_pipeline.py
[2026-09-27T01:37:52.739+0000] {logging_mixin.py:190} INFO - [2026-09-27T01:37:52.738+0000] {dag.py:3239} INFO - Sync 1 DAGs
[2026-09-27T01:37:52.747+0000] {logging_mixin.py:190} INFO - [2026-09-27T01:37:52.747+0000] {dag.py:4180} INFO - Setting next_dagrun for etl_pipeline to None, run_after=None
[2026-09-27T01:37:52.758+0000] {processor.py:208} INFO - Processing /opt/airflow/dags/etl_pipeline.py took 0.051 seconds
[2026-09-27T01:38:23.270+0000] {processor.py:186} INFO - Started process (PID=301) to work on /opt/airflow/dags/etl_pipeline.py
[2026-09-27T01:38:23.271+0000] {processor.py:914} INFO - Processing file /opt/airflow/dags/etl_pipeline.py for tasks to queue
[2026-09-27T01:38:23.272+0000] {logging_mixin.py:190} INFO - [2026-09-27T01:38:23.272+0000] {dagbag.py:588} INFO - Filling up the DagBag from /opt/airflow/dags/etl_pipeline.py
[2026-09-27T01:38:23.280+0000] {processor.py:925} INFO - DAG(s) 'etl_pipeline' retrieved from /opt/airflow/dags/etl_pipeline.py
[2026-09-27T01:38:23.297+0000] {logging_mixin.py:190} INFO - [2026-09-27T01:38:23.297+0000] {dag.py:3239} INFO - Sync 1 DAGs
[2026-09-27T01:38:23.306+0000] {logging_mixin.py:190} INFO - [2026-09-27T01:38:23.306+0000] {dag.py:4180} INFO - Setting next_dagrun for etl_pipeline to None, run_after=None
[2026-09-27T01:38:23.317+0000] {processor.py:208} INFO - Processing /opt/airflow/dags/etl_pipeline.py took 0.055 seconds
[2026-09-27T01:38:53.853+0000] {processor.py:186} INFO - Started process (PID=312) to work on /opt/airflow/dags/etl_pipeline.py
[2026-09-27T01:38:53.854+0000] {processor.py:914} INFO - Processing file /opt/airflow/dags/etl_pipeline.py for tasks to queue
[2026-09-27T01:38:53.856+0000] {logging_mixin.py:190} INFO - [2026-09-27T01:38:53.856+0000] {dagbag.py:588} INFO - Filling up the DagBag from /opt/airflow/dags/etl_pipeline.py
[2026-09-27T01:38:53.863+0000] {processor.py:925} INFO - DAG(s) 'etl_pipeline' retrieved from /opt/airflow/dags/etl_pipeline.py
[2026-09-27T01:38:53.879+0000] {logging_mixin.py:190} INFO - [2026-09-27T01:38:53.878+0000] {dag.py:3239} INFO - Sync 1 DAGs
[2026-09-27T01:38:53.886+0000] {logging_mixin.py:190} INFO - [2026-09-27T01:38:53.886+0000] {dag.py:4180} INFO - Setting next_dagrun for etl_pipeline to None, run_after=None
[2026-09-27T01:38:53.897+0000] {processor.py:208} INFO - Processing /opt/airflow/dags/etl_pipeline.py took 0.049 seconds
[2026-09-27T01:39:24.414+0000] {processor.py:186} INFO - Started process (PID=323) to work on /opt/airflow/dags/etl_pipeline.py
[2026-09-27T01:39:24.415+0000] {processor.py:914} INFO - Processing file /opt/airflow/dags/etl_pipeline.py for tasks to queue
[2026-09-27T01:39:24.417+0000] {logging_mixin.py:190} INFO - [2026-09-27T01:39:24.417+0000] {dagbag.py:588} INFO - Filling up the DagBag from /opt/airflow/dags/etl_pipeline.py
[2026-09-27T01:39:24.425+0000] {processor.py:925} INFO - DAG(s) 'etl_pipeline' retrieved from /opt/airflow/dags/etl_pipeline.py
[2026-09-27T01:39:24.440+0000] {logging_mixin.py:190} INFO - [2026-09-27T01:39:24.440+0000] {dag.py:3239} INFO - Sync 1 DAGs
[2026-09-27T01:39:24.448+0000] {logging_mixin.py:190} INFO - [2026-09-27T01:39:24.447+0000] {dag.py:4180} INFO - Setting next_dagrun for etl_pipeline to None, run_after=None
[2026-09-27T01:39:24.483+0000] {processor.py:208} INFO - Processing /opt/airflow/dags/etl_pipeline.py took 0.074 seconds
[2026-09-27T01:39:55.102+0000] {processor.py:186} INFO - Started process (PID=334) to work on /opt/airflow/dags/etl_pipeline.py
[2026-09-27T01:39:55.103+0000] {processor.py:914} INFO - Processing file /opt/airflow/dags/etl_pipeline.py for tasks to queue
[2026-09-27T01:39:55.105+0000] {logging_mixin.py:190} INFO - [2026-09-27T01:39:55.104+0000] {dagbag.py:588} INFO - Filling up the DagBag from /opt/airflow/dags/etl_pipeline.py
[2026-09-27T01:39:55.112+0000] {processor.py:925} INFO - DAG(s) 'etl_pipeline' retrieved from /opt/airflow/dags/etl_pipeline.py
[2026-09-27T01:39:55.129+0000] {logging_mixin.py:190} INFO - [2026-09-27T01:39:55.129+0000] {dag.py:3239} INFO - Sync 1 DAGs
[2026-09-27T01:39:55.137+0000] {logging_mixin.py:190} INFO - [2026-09-27T01:39:55.137+0000] {dag.py:4180} INFO - Setting next_dagrun for etl_pipeline to None, run_after=None
[2026-09-27T01:39:55.148+0000] {processor.py:208} INFO - Processing /opt/airflow/dags/etl_pipeline.py took 0.051 seconds
[2026-09-27T01:40:25.590+0000] {processor.py:186} INFO - Started process (PID=363) to work on /opt/airflow/dags/etl_pipeline.py
[2026-09-27T01:40:25.590+0000] {processor.py:914} INFO - Processing file /opt/airflow/dags/etl_pipeline.py for tasks to queue
[2026-09-27T01:40:25.593+0000] {logging_mixin.py:190} INFO - [2026-09-27T01:40:25.593+0000] {dagbag.py:588} INFO - Filling up the DagBag from /opt/airflow/dags/etl_pipeline.py
[2026-09-27T01:40:25.602+0000] {processor.py:925} INFO - DAG(s) 'etl_pipeline' retrieved from /opt/airflow/dags/etl_pipeline.py
[2026-09-27T01:40:25.620+0000] {logging_mixin.py:190} INFO - [2026-09-27T01:40:25.619+0000] {dag.py:3239} INFO - Sync 1 DAGs
[2026-09-27T01:40:25.628+0000] {logging_mixin.py:190} INFO - [2026-09-27T01:40:25.628+0000] {dag.py:4180} INFO - Setting next_dagrun for etl_pipeline to None, run_after=None
[2026-09-27T01:40:25.639+0000] {processor.py:208} INFO - Processing /opt/airflow/dags/etl_pipeline.py took 0.066 seconds
[2026-09-27T01:40:37.203+0000] {processor.py:186} INFO - Started process (PID=380) to work on /opt/airflow/dags/etl_pipeline.py
[2026-09-27T01:40:37.204+0000] {processor.py:914} INFO - Processing file /opt/airflow/dags/etl_pipeline.py for tasks to queue
[2026-09-27T01:40:37.205+0000] {logging_mixin.py:190} INFO - [2026-09-27T01:40:37.205+0000] {dagbag.py:588} INFO - Filling up the DagBag from /opt/airflow/dags/etl_pipeline.py
[2026-09-27T01:40:37.213+0000] {processor.py:925} INFO - DAG(s) 'etl_pipeline' retrieved from /opt/airflow/dags/etl_pipeline.py
[2026-09-27T01:40:37.235+0000] {logging_mixin.py:190} INFO - [2026-09-27T01:40:37.234+0000] {dag.py:1660} INFO - Executing dag callback function: <function on_dag_success at 0x7fe46f559300>
[2026-09-27T01:40:37.240+0000] {logging_mixin.py:190} WARNING - /home/airflow/.local/lib/python3.11/site-packages/airflow/utils/email.py:155 RemovedInAirflow3Warning: Fetching SMTP credentials from configuration variables will be deprecated in a future release. Please set credentials using a connection instead.
[2026-09-27T01:40:37.241+0000] {logging_mixin.py:190} INFO - [2026-09-27T01:40:37.240+0000] {email.py:272} INFO - Email alerting: attempt 1
[2026-09-27T01:40:37.241+0000] {logging_mixin.py:190} INFO - [2026-09-27T01:40:37.241+0000] {email.py:283} INFO - Sent an alert email to ['data-team@example.com']
[2026-09-27T01:40:37.254+0000] {logging_mixin.py:190} INFO - [2026-09-27T01:40:37.254+0000] {dag.py:3239} INFO - Sync 1 DAGs
[2026-09-27T01:40:37.260+0000] {logging_mixin.py:190} INFO - [2026-09-27T01:40:37.260+0000] {dag.py:4180} INFO - Setting next_dagrun for etl_pipeline to None, run_after=None
[2026-09-27T01:40:37.272+0000] {processor.py:208} INFO - Processing /opt/airflow/dags/etl_pipeline.py took 0.076 seconds
[2026-09-27T01:41:07.678+0000] {processor.py:186} INFO - Started process (PID=391) to work on /opt/airflow/dags/etl_pipeline.py
[2026-09-27T01:41:07.679+0000] {processor.py:914} INFO - Processing file /opt/airflow/dags/etl_pipeline.py for tasks to queue
[2026-09-27T01:41:07.680+0000] {logging_mixin.py:190} INFO - [2026-09-27T01:41:07.680+0000] {dagbag.py:588} INFO - Filling up the DagBag from /opt/airflow/dags/etl_pipeline.py
[2026-09-27T01:41:07.687+0000] {processor.py:925} INFO - DAG(s) 'etl_pipeline' retrieved from /opt/airflow/dags/etl_pipeline.py
[2026-09-27T01:41:07.704+0000] {logging_mixin.py:190} INFO - [2026-09-27T01:41:07.704+0000] {dag.py:3239} INFO - Sync 1 DAGs
[2026-09-27T01:41:07.712+0000] {logging_mixin.py:190} INFO - [2026-09-27T01:41:07.712+0000] {dag.py:4180} INFO - Setting next_dagrun for etl_pipeline to None, run_after=None
[2026-09-27T01:41:07.723+0000] {processor.py:208} INFO - Processing /opt/airflow/dags/etl_pipeline.py took 0.049 seconds
[2026-09-27T01:41:38.207+0000] {processor.py:186} INFO - Started process (PID=402) to work on /opt/airflow/dags/etl_pipeline.py
[2026-09-27T01:41:38.208+0000] {processor.py:914} INFO - Processing file /opt/airflow/dags/etl_pipeline.py for tasks to queue
[2026-09-27T01:41:38.210+0000] {logging_mixin.py:190} INFO - [2026-09-27T01:41:38.209+0000] {dagbag.py:588} INFO - Filling up the DagBag from /opt/airflow/dags/etl_pipeline.py
[2026-09-27T01:41:38.217+0000] {processor.py:925} INFO - DAG(s) 'etl_pipeline' retrieved from /opt/airflow/dags/etl_pipeline.py
[2026-09-27T01:41:38.234+0000] {logging_mixin.py:190} INFO - [2026-09-27T01:41:38.234+0000] {dag.py:3239} INFO - Sync 1 DAGs
[2026-09-27T01:41:38.242+0000] {logging_mixin.py:190} INFO - [2026-09-27T01:41:38.242+0000] {dag.py:4180} INFO - Setting next_dagrun for etl_pipeline to None, run_after=None
[2026-09-27T01:41:38.252+0000] {processor.py:208} INFO - Processing /opt/airflow/dags/etl_pipeline.py took 0.054 seconds
[2026-09-27T01:42:08.584+0000] {processor.py:186} INFO - Started process (PID=413) to work on /opt/airflow/dags/etl_pipeline.py
[2026-09-27T01:42:08.585+0000] {processor.py:914} INFO - Processing file /opt/airflow/dags/etl_pipeline.py for tasks to queue
[2026-09-27T01:42:08.587+0000] {logging_mixin.py:190} INFO - [2026-09-27T01:42:08.586+0000] {dagbag.py:588} INFO - Filling up the DagBag from /opt/airflow/dags/etl_pipeline.py
[2026-09-27T01:42:08.594+0000] {processor.py:925} INFO - DAG(s) 'etl_pipeline' retrieved from /opt/airflow/dags/etl_pipeline.py
[2026-09-27T01:42:08.610+0000] {logging_mixin.py:190} INFO - [2026-09-27T01:42:08.610+0000] {dag.py:3239} INFO - Sync 1 DAGs
[2026-09-27T01:42:08.619+0000] {logging_mixin.py:190} INFO - [2026-09-27T01:42:08.618+0000] {dag.py:4180} INFO - Setting next_dagrun for etl_pipeline to None, run_after=None
[2026-09-27T01:42:08.629+0000] {processor.py:208} INFO - Processing /opt/airflow/dags/etl_pipeline.py took 0.056 seconds
[2026-09-27T01:42:39.294+0000] {processor.py:186} INFO - Started process (PID=424) to work on /opt/airflow/dags/etl_pipeline.py
[2026-09-27T01:42:39.295+0000] {processor.py:914} INFO - Processing file /opt/airflow/dags/etl_pipeline.py for tasks to queue
[2026-09-27T01:42:39.296+0000] {logging_mixin.py:190} INFO - [2026-09-27T01:42:39.296+0000] {dagbag.py:588} INFO - Filling up the DagBag from /opt/airflow/dags/etl_pipeline.py
[2026-09-27T01:42:39.303+0000] {processor.py:925} INFO - DAG(s) 'etl_pipeline' retrieved from /opt/airflow/dags/etl_pipeline.py
[2026-09-27T01:42:39.322+0000] {logging_mixin.py:190} INFO - [2026-09-27T01:42:39.322+0000] {dag.py:3239} INFO - Sync 1 DAGs
[2026-09-27T01:42:39.330+0000] {logging_mixin.py:190} INFO - [2026-09-27T01:42:39.330+0000] {dag.py:4180} INFO - Setting next_dagrun for etl_pipeline to None, run_after=None
[2026-09-27T01:42:39.343+0000] {processor.py:208} INFO - Processing /opt/airflow/dags/etl_pipeline.py took 0.055 seconds
[2026-09-27T01:43:09.805+0000] {processor.py:186} INFO - Started process (PID=435) to work on /opt/airflow/dags/etl_pipeline.py
[2026-09-27T01:43:09.806+0000] {processor.py:914} INFO - Processing file /opt/airflow/dags/etl_pipeline.py for tasks to queue
[2026-09-27T01:43:09.807+0000] {logging_mixin.py:190} INFO - [2026-09-27T01:43:09.807+0000] {dagbag.py:588} INFO - Filling up the DagBag from /opt/airflow/dags/etl_pipeline.py
[2026-09-27T01:43:09.815+0000] {processor.py:925} INFO - DAG(s) 'etl_pipeline' retrieved from /opt/airflow/dags/etl_pipeline.py
[2026-09-27T01:43:09.833+0000] {logging_mixin.py:190} INFO - [2026-09-27T01:43:09.833+0000] {dag.py:3239} INFO - Sync 1 DAGs
[2026-09-27T01:43:09.842+0000] {logging_mixin.py:190} INFO - [2026-09-27T01:43:09.842+0000] {dag.py:4180} INFO - Setting next_dagrun for etl_pipeline to None, run_after=None
[2026-09-27T01:43:09.853+0000] {processor.py:208} INFO - Processing /opt/airflow/dags/etl_pipeline.py took 0.057 seconds
[2026-09-27T01:43:40.364+0000] {processor.py:186} INFO - Started process (PID=446) to work on /opt/airflow/dags/etl_pipeline.py
[2026-09-27T01:43:40.365+0000] {processor.py:914} INFO - Processing file /opt/airflow/dags/etl_pipeline.py for tasks to queue
[2026-09-27T01:43:40.366+0000] {logging_mixin.py:190} INFO - [2026-09-27T01:43:40.366+0000] {dagbag.py:588} INFO - Filling up the DagBag from /opt/airflow/dags/etl_pipeline.py
[2026-09-27T01:43:40.373+0000] {processor.py:925} INFO - DAG(s) 'etl_pipeline' retrieved from /opt/airflow/dags/etl_pipeline.py
[2026-09-27T01:43:40.390+0000] {logging_mixin.py:190} INFO - [2026-09-27T01:43:40.390+0000] {dag.py:3239} INFO - Sync 1 DAGs
[2026-09-27T01:43:40.398+0000] {logging_mixin.py:190} INFO - [2026-09-27T01:43:40.398+0000] {dag.py:4180} INFO - Setting next_dagrun for etl_pipeline to None, run_after=None
[2026-09-27T01:43:40.408+0000] {processor.py:208} INFO - Processing /opt/airflow/dags/etl_pipeline.py took 0.048 seconds
[2026-09-27T01:44:10.924+0000] {processor.py:186} INFO - Started process (PID=457) to work on /opt/airflow/dags/etl_pipeline.py
[2026-09-27T01:44:10.925+0000] {processor.py:914} INFO - Processing file /opt/airflow/dags/etl_pipeline.py for tasks to queue
[2026-09-27T01:44:10.926+0000] {logging_mixin.py:190} INFO - [2026-09-27T01:44:10.926+0000] {dagbag.py:588} INFO - Filling up the DagBag from /opt/airflow/dags/etl_pipeline.py
[2026-09-27T01:44:10.934+0000] {processor.py:925} INFO - DAG(s) 'etl_pipeline' retrieved from /opt/airflow/dags/etl_pipeline.py
[2026-09-27T01:44:10.952+0000] {logging_mixin.py:190} INFO - [2026-09-27T01:44:10.952+0000] {dag.py:3239} INFO - Sync 1 DAGs
[2026-09-27T01:44:10.963+0000] {logging_mixin.py:190} INFO - [2026-09-27T01:44:10.963+0000] {dag.py:4180} INFO - Setting next_dagrun for etl_pipeline to None, run_after=None
[2026-09-27T01:44:10.978+0000] {processor.py:208} INFO - Processing /opt/airflow/dags/etl_pipeline.py took 0.058 seconds
[2026-09-27T01:44:41.254+0000] {processor.py:186} INFO - Started process (PID=468) to work on /opt/airflow/dags/etl_pipeline.py
[2026-09-27T01:44:41.255+0000] {processor.py:914} INFO - Processing file /opt/airflow/dags/etl_pipeline.py for tasks to queue
[2026-09-27T01:44:41.256+0000] {logging_mixin.py:190} INFO - [2026-09-27T01:44:41.256+0000] {dagbag.py:588} INFO - Filling up the DagBag from /opt/airflow/dags/etl_pipeline.py
[2026-09-27T01:44:41.264+0000] {processor.py:925} INFO - DAG(s) 'etl_pipeline' retrieved from /opt/airflow/dags/etl_pipeline.py
[2026-09-27T01:44:41.284+0000] {logging_mixin.py:190} INFO - [2026-09-27T01:44:41.284+0000] {dag.py:3239} INFO - Sync 1 DAGs
[2026-09-27T01:44:41.292+0000] {logging_mixin.py:190} INFO - [2026-09-27T01:44:41.292+0000] {dag.py:4180} INFO - Setting next_dagrun for etl_pipeline to None, run_after=None
[2026-09-27T01:44:41.304+0000] {processor.py:208} INFO - Processing /opt/airflow/dags/etl_pipeline.py took 0.056 seconds
[2026-09-27T01:45:11.654+0000] {processor.py:186} INFO - Started process (PID=479) to work on /opt/airflow/dags/etl_pipeline.py
[2026-09-27T01:45:11.655+0000] {processor.py:914} INFO - Processing file /opt/airflow/dags/etl_pipeline.py for tasks to queue
[2026-09-27T01:45:11.656+0000] {logging_mixin.py:190} INFO - [2026-09-27T01:45:11.656+0000] {dagbag.py:588} INFO - Filling up the DagBag from /opt/airflow/dags/etl_pipeline.py
[2026-09-27T01:45:11.663+0000] {processor.py:925} INFO - DAG(s) 'etl_pipeline' retrieved from /opt/airflow/dags/etl_pipeline.py
[2026-09-27T01:45:11.681+0000] {logging_mixin.py:190} INFO - [2026-09-27T01:45:11.681+0000] {dag.py:3239} INFO - Sync 1 DAGs
[2026-09-27T01:45:11.689+0000] {logging_mixin.py:190} INFO - [2026-09-27T01:45:11.689+0000] {dag.py:4180} INFO - Setting next_dagrun for etl_pipeline to None, run_after=None
[2026-09-27T01:45:11.701+0000] {processor.py:208} INFO - Processing /opt/airflow/dags/etl_pipeline.py took 0.051 seconds
[2026-09-27T01:45:42.177+0000] {processor.py:186} INFO - Started process (PID=490) to work on /opt/airflow/dags/etl_pipeline.py
[2026-09-27T01:45:42.178+0000] {processor.py:914} INFO - Processing file /opt/airflow/dags/etl_pipeline.py for tasks to queue
[2026-09-27T01:45:42.180+0000] {logging_mixin.py:190} INFO - [2026-09-27T01:45:42.179+0000] {dagbag.py:588} INFO - Filling up the DagBag from /opt/airflow/dags/etl_pipeline.py
[2026-09-27T01:45:42.187+0000] {processor.py:925} INFO - DAG(s) 'etl_pipeline' retrieved from /opt/airflow/dags/etl_pipeline.py
[2026-09-27T01:45:42.203+0000] {logging_mixin.py:190} INFO - [2026-09-27T01:45:42.203+0000] {dag.py:3239} INFO - Sync 1 DAGs
[2026-09-27T01:45:42.211+0000] {logging_mixin.py:190} INFO - [2026-09-27T01:45:42.211+0000] {dag.py:4180} INFO - Setting next_dagrun for etl_pipeline to None, run_after=None
[2026-09-27T01:45:42.222+0000] {processor.py:208} INFO - Processing /opt/airflow/dags/etl_pipeline.py took 0.054 seconds
[2026-09-27T01:46:13.013+0000] {processor.py:186} INFO - Started process (PID=501) to work on /opt/airflow/dags/etl_pipeline.py
[2026-09-27T01:46:13.013+0000] {processor.py:914} INFO - Processing file /opt/airflow/dags/etl_pipeline.py for tasks to queue
[2026-09-27T01:46:13.015+0000] {logging_mixin.py:190} INFO - [2026-09-27T01:46:13.015+0000] {dagbag.py:588} INFO - Filling up the DagBag from /opt/airflow/dags/etl_pipeline.py
[2026-09-27T01:46:13.022+0000] {processor.py:925} INFO - DAG(s) 'etl_pipeline' retrieved from /opt/airflow/dags/etl_pipeline.py
[2026-09-27T01:46:13.038+0000] {logging_mixin.py:190} INFO - [2026-09-27T01:46:13.038+0000] {dag.py:3239} INFO - Sync 1 DAGs
[2026-09-27T01:46:13.046+0000] {logging_mixin.py:190} INFO - [2026-09-27T01:46:13.046+0000] {dag.py:4180} INFO - Setting next_dagrun for etl_pipeline to None, run_after=None
[2026-09-27T01:46:13.058+0000] {processor.py:208} INFO - Processing /opt/airflow/dags/etl_pipeline.py took 0.049 seconds
[2026-09-27T01:46:43.519+0000] {processor.py:186} INFO - Started process (PID=512) to work on /opt/airflow/dags/etl_pipeline.py
[2026-09-27T01:46:43.520+0000] {processor.py:914} INFO - Processing file /opt/airflow/dags/etl_pipeline.py for tasks to queue
[2026-09-27T01:46:43.522+0000] {logging_mixin.py:190} INFO - [2026-09-27T01:46:43.521+0000] {dagbag.py:588} INFO - Filling up the DagBag from /opt/airflow/dags/etl_pipeline.py
[2026-09-27T01:46:43.529+0000] {processor.py:925} INFO - DAG(s) 'etl_pipeline' retrieved from /opt/airflow/dags/etl_pipeline.py
[2026-09-27T01:46:43.547+0000] {logging_mixin.py:190} INFO - [2026-09-27T01:46:43.547+0000] {dag.py:3239} INFO - Sync 1 DAGs
[2026-09-27T01:46:43.555+0000] {logging_mixin.py:190} INFO - [2026-09-27T01:46:43.555+0000] {dag.py:4180} INFO - Setting next_dagrun for etl_pipeline to None, run_after=None
[2026-09-27T01:46:43.567+0000] {processor.py:208} INFO - Processing /opt/airflow/dags/etl_pipeline.py took 0.060 seconds
[2026-09-27T01:47:13.719+0000] {processor.py:186} INFO - Started process (PID=523) to work on /opt/airflow/dags/etl_pipeline.py
[2026-09-27T01:47:13.720+0000] {processor.py:914} INFO - Processing file /opt/airflow/dags/etl_pipeline.py for tasks to queue
[2026-09-27T01:47:13.722+0000] {logging_mixin.py:190} INFO - [2026-09-27T01:47:13.721+0000] {dagbag.py:588} INFO - Filling up the DagBag from /opt/airflow/dags/etl_pipeline.py
[2026-09-27T01:47:13.730+0000] {processor.py:925} INFO - DAG(s) 'etl_pipeline' retrieved from /opt/airflow/dags/etl_pipeline.py
[2026-09-27T01:47:13.750+0000] {logging_mixin.py:190} INFO - [2026-09-27T01:47:13.750+0000] {dag.py:3239} INFO - Sync 1 DAGs
[2026-09-27T01:47:13.759+0000] {logging_mixin.py:190} INFO - [2026-09-27T01:47:13.759+0000] {dag.py:4180} INFO - Setting next_dagrun for etl_pipeline to None, run_after=None
[2026-09-27T01:47:13.771+0000] {processor.py:208} INFO - Processing /opt/airflow/dags/etl_pipeline.py took 0.060 seconds
[2026-09-27T01:47:44.507+0000] {processor.py:186} INFO - Started process (PID=534) to work on /opt/airflow/dags/etl_pipeline.py
[2026-09-27T01:47:44.507+0000] {processor.py:914} INFO - Processing file /opt/airflow/dags/etl_pipeline.py for tasks to queue
[2026-09-27T01:47:44.509+0000] {logging_mixin.py:190} INFO - [2026-09-27T01:47:44.509+0000] {dagbag.py:588} INFO - Filling up the DagBag from /opt/airflow/dags/etl_pipeline.py
[2026-09-27T01:47:44.516+0000] {processor.py:925} INFO - DAG(s) 'etl_pipeline' retrieved from /opt/airflow/dags/etl_pipeline.py
[2026-09-27T01:47:44.533+0000] {logging_mixin.py:190} INFO - [2026-09-27T01:47:44.533+0000] {dag.py:3239} INFO - Sync 1 DAGs
[2026-09-27T01:47:44.542+0000] {logging_mixin.py:190} INFO - [2026-09-27T01:47:44.542+0000] {dag.py:4180} INFO - Setting next_dagrun for etl_pipeline to None, run_after=None
[2026-09-27T01:47:44.554+0000] {processor.py:208} INFO - Processing /opt/airflow/dags/etl_pipeline.py took 0.052 seconds
[2026-09-27T01:48:14.960+0000] {processor.py:186} INFO - Started process (PID=545) to work on /opt/airflow/dags/etl_pipeline.py
[2026-09-27T01:48:14.961+0000] {processor.py:914} INFO - Processing file /opt/airflow/dags/etl_pipeline.py for tasks to queue
[2026-09-27T01:48:14.963+0000] {logging_mixin.py:190} INFO - [2026-09-27T01:48:14.962+0000] {dagbag.py:588} INFO - Filling up the DagBag from /opt/airflow/dags/etl_pipeline.py
[2026-09-27T01:48:14.970+0000] {processor.py:925} INFO - DAG(s) 'etl_pipeline' retrieved from /opt/airflow/dags/etl_pipeline.py
[2026-09-27T01:48:14.987+0000] {logging_mixin.py:190} INFO - [2026-09-27T01:48:14.987+0000] {dag.py:3239} INFO - Sync 1 DAGs
[2026-09-27T01:48:14.995+0000] {logging_mixin.py:190} INFO - [2026-09-27T01:48:14.995+0000] {dag.py:4180} INFO - Setting next_dagrun for etl_pipeline to None, run_after=None
[2026-09-27T01:48:15.006+0000] {processor.py:208} INFO - Processing /opt/airflow/dags/etl_pipeline.py took 0.050 seconds
[2026-09-27T01:48:45.612+0000] {processor.py:186} INFO - Started process (PID=556) to work on /opt/airflow/dags/etl_pipeline.py
[2026-09-27T01:48:45.613+0000] {processor.py:914} INFO - Processing file /opt/airflow/dags/etl_pipeline.py for tasks to queue
[2026-09-27T01:48:45.615+0000] {logging_mixin.py:190} INFO - [2026-09-27T01:48:45.615+0000] {dagbag.py:588} INFO - Filling up the DagBag from /opt/airflow/dags/etl_pipeline.py
[2026-09-27T01:48:45.622+0000] {processor.py:925} INFO - DAG(s) 'etl_pipeline' retrieved from /opt/airflow/dags/etl_pipeline.py
[2026-09-27T01:48:45.638+0000] {logging_mixin.py:190} INFO - [2026-09-27T01:48:45.638+0000] {dag.py:3239} INFO - Sync 1 DAGs
[2026-09-27T01:48:45.646+0000] {logging_mixin.py:190} INFO - [2026-09-27T01:48:45.645+0000] {dag.py:4180} INFO - Setting next_dagrun for etl_pipeline to None, run_after=None
[2026-09-27T01:48:45.658+0000] {processor.py:208} INFO - Processing /opt/airflow/dags/etl_pipeline.py took 0.049 seconds
[2026-09-27T01:49:16.040+0000] {processor.py:186} INFO - Started process (PID=567) to work on /opt/airflow/dags/etl_pipeline.py
[2026-09-27T01:49:16.040+0000] {processor.py:914} INFO - Processing file /opt/airflow/dags/etl_pipeline.py for tasks to queue
[2026-09-27T01:49:16.042+0000] {logging_mixin.py:190} INFO - [2026-09-27T01:49:16.042+0000] {dagbag.py:588} INFO - Filling up the DagBag from /opt/airflow/dags/etl_pipeline.py
[2026-09-27T01:49:16.049+0000] {processor.py:925} INFO - DAG(s) 'etl_pipeline' retrieved from /opt/airflow/dags/etl_pipeline.py
[2026-09-27T01:49:16.068+0000] {logging_mixin.py:190} INFO - [2026-09-27T01:49:16.068+0000] {dag.py:3239} INFO - Sync 1 DAGs
[2026-09-27T01:49:16.076+0000] {logging_mixin.py:190} INFO - [2026-09-27T01:49:16.076+0000] {dag.py:4180} INFO - Setting next_dagrun for etl_pipeline to None, run_after=None
[2026-09-27T01:49:16.087+0000] {processor.py:208} INFO - Processing /opt/airflow/dags/etl_pipeline.py took 0.051 seconds
[2026-09-27T01:49:46.770+0000] {processor.py:186} INFO - Started process (PID=578) to work on /opt/airflow/dags/etl_pipeline.py
[2026-09-27T01:49:46.771+0000] {processor.py:914} INFO - Processing file /opt/airflow/dags/etl_pipeline.py for tasks to queue
[2026-09-27T01:49:46.772+0000] {logging_mixin.py:190} INFO - [2026-09-27T01:49:46.772+0000] {dagbag.py:588} INFO - Filling up the DagBag from /opt/airflow/dags/etl_pipeline.py
[2026-09-27T01:49:46.779+0000] {processor.py:925} INFO - DAG(s) 'etl_pipeline' retrieved from /opt/airflow/dags/etl_pipeline.py
[2026-09-27T01:49:46.796+0000] {logging_mixin.py:190} INFO - [2026-09-27T01:49:46.796+0000] {dag.py:3239} INFO - Sync 1 DAGs
[2026-09-27T01:49:46.804+0000] {logging_mixin.py:190} INFO - [2026-09-27T01:49:46.804+0000] {dag.py:4180} INFO - Setting next_dagrun for etl_pipeline to None, run_after=None
[2026-09-27T01:49:46.814+0000] {processor.py:208} INFO - Processing /opt/airflow/dags/etl_pipeline.py took 0.049 seconds
[2026-09-27T01:50:17.082+0000] {processor.py:186} INFO - Started process (PID=589) to work on /opt/airflow/dags/etl_pipeline.py
[2026-09-27T01:50:17.083+0000] {processor.py:914} INFO - Processing file /opt/airflow/dags/etl_pipeline.py for tasks to queue
[2026-09-27T01:50:17.084+0000] {logging_mixin.py:190} INFO - [2026-09-27T01:50:17.084+0000] {dagbag.py:588} INFO - Filling up the DagBag from /opt/airflow/dags/etl_pipeline.py
[2026-09-27T01:50:17.091+0000] {processor.py:925} INFO - DAG(s) 'etl_pipeline' retrieved from /opt/airflow/dags/etl_pipeline.py
[2026-09-27T01:50:17.107+0000] {logging_mixin.py:190} INFO - [2026-09-27T01:50:17.107+0000] {dag.py:3239} INFO - Sync 1 DAGs
[2026-09-27T01:50:17.115+0000] {logging_mixin.py:190} INFO - [2026-09-27T01:50:17.115+0000] {dag.py:4180} INFO - Setting next_dagrun for etl_pipeline to None, run_after=None
[2026-09-27T01:50:17.126+0000] {processor.py:208} INFO - Processing /opt/airflow/dags/etl_pipeline.py took 0.048 seconds
[2026-09-27T01:50:47.868+0000] {processor.py:186} INFO - Started process (PID=600) to work on /opt/airflow/dags/etl_pipeline.py
[2026-09-27T01:50:47.869+0000] {processor.py:914} INFO - Processing file /opt/airflow/dags/etl_pipeline.py for tasks to queue
[2026-09-27T01:50:47.870+0000] {logging_mixin.py:190} INFO - [2026-09-27T01:50:47.870+0000] {dagbag.py:588} INFO - Filling up the DagBag from /opt/airflow/dags/etl_pipeline.py
[2026-09-27T01:50:47.877+0000] {processor.py:925} INFO - DAG(s) 'etl_pipeline' retrieved from /opt/airflow/dags/etl_pipeline.py
[2026-09-27T01:50:47.894+0000] {logging_mixin.py:190} INFO - [2026-09-27T01:50:47.893+0000] {dag.py:3239} INFO - Sync 1 DAGs
[2026-09-27T01:50:47.902+0000] {logging_mixin.py:190} INFO - [2026-09-27T01:50:47.901+0000] {dag.py:4180} INFO - Setting next_dagrun for etl_pipeline to None, run_after=None
[2026-09-27T01:50:47.913+0000] {processor.py:208} INFO - Processing /opt/airflow/dags/etl_pipeline.py took 0.050 seconds
[2026-09-27T01:51:18.337+0000] {processor.py:186} INFO - Started process (PID=611) to work on /opt/airflow/dags/etl_pipeline.py
[2026-09-27T01:51:18.338+0000] {processor.py:914} INFO - Processing file /opt/airflow/dags/etl_pipeline.py for tasks to queue
[2026-09-27T01:51:18.340+0000] {logging_mixin.py:190} INFO - [2026-09-27T01:51:18.340+0000] {dagbag.py:588} INFO - Filling up the DagBag from /opt/airflow/dags/etl_pipeline.py
[2026-09-27T01:51:18.349+0000] {processor.py:925} INFO - DAG(s) 'etl_pipeline' retrieved from /opt/airflow/dags/etl_pipeline.py
[2026-09-27T01:51:18.365+0000] {logging_mixin.py:190} INFO - [2026-09-27T01:51:18.365+0000] {dag.py:3239} INFO - Sync 1 DAGs
[2026-09-27T01:51:18.372+0000] {logging_mixin.py:190} INFO - [2026-09-27T01:51:18.372+0000] {dag.py:4180} INFO - Setting next_dagrun for etl_pipeline to None, run_after=None
[2026-09-27T01:51:18.383+0000] {processor.py:208} INFO - Processing /opt/airflow/dags/etl_pipeline.py took 0.050 seconds
[2026-09-27T01:51:49.265+0000] {processor.py:186} INFO - Started process (PID=622) to work on /opt/airflow/dags/etl_pipeline.py
[2026-09-27T01:51:49.266+0000] {processor.py:914} INFO - Processing file /opt/airflow/dags/etl_pipeline.py for tasks to queue
[2026-09-27T01:51:49.268+0000] {logging_mixin.py:190} INFO - [2026-09-27T01:51:49.268+0000] {dagbag.py:588} INFO - Filling up the DagBag from /opt/airflow/dags/etl_pipeline.py
[2026-09-27T01:51:49.276+0000] {processor.py:925} INFO - DAG(s) 'etl_pipeline' retrieved from /opt/airflow/dags/etl_pipeline.py
[2026-09-27T01:51:49.293+0000] {logging_mixin.py:190} INFO - [2026-09-27T01:51:49.293+0000] {dag.py:3239} INFO - Sync 1 DAGs
[2026-09-27T01:51:49.301+0000] {logging_mixin.py:190} INFO - [2026-09-27T01:51:49.301+0000] {dag.py:4180} INFO - Setting next_dagrun for etl_pipeline to None, run_after=None
[2026-09-27T01:51:49.311+0000] {processor.py:208} INFO - Processing /opt/airflow/dags/etl_pipeline.py took 0.051 seconds
[2026-09-27T01:52:19.733+0000] {processor.py:186} INFO - Started process (PID=633) to work on /opt/airflow/dags/etl_pipeline.py
[2026-09-27T01:52:19.734+0000] {processor.py:914} INFO - Processing file /opt/airflow/dags/etl_pipeline.py for tasks to queue
[2026-09-27T01:52:19.735+0000] {logging_mixin.py:190} INFO - [2026-09-27T01:52:19.735+0000] {dagbag.py:588} INFO - Filling up the DagBag from /opt/airflow/dags/etl_pipeline.py
[2026-09-27T01:52:19.742+0000] {processor.py:925} INFO - DAG(s) 'etl_pipeline' retrieved from /opt/airflow/dags/etl_pipeline.py
[2026-09-27T01:52:19.760+0000] {logging_mixin.py:190} INFO - [2026-09-27T01:52:19.760+0000] {dag.py:3239} INFO - Sync 1 DAGs
[2026-09-27T01:52:19.768+0000] {logging_mixin.py:190} INFO - [2026-09-27T01:52:19.768+0000] {dag.py:4180} INFO - Setting next_dagrun for etl_pipeline to None, run_after=None
[2026-09-27T01:52:19.779+0000] {processor.py:208} INFO - Processing /opt/airflow/dags/etl_pipeline.py took 0.049 seconds
[2026-09-27T01:52:50.559+0000] {processor.py:186} INFO - Started process (PID=644) to work on /opt/airflow/dags/etl_pipeline.py
[2026-09-27T01:52:50.560+0000] {processor.py:914} INFO - Processing file /opt/airflow/dags/etl_pipeline.py for tasks to queue
[2026-09-27T01:52:50.562+0000] {logging_mixin.py:190} INFO - [2026-09-27T01:52:50.562+0000] {dagbag.py:588} INFO - Filling up the DagBag from /opt/airflow/dags/etl_pipeline.py
[2026-09-27T01:52:50.569+0000] {processor.py:925} INFO - DAG(s) 'etl_pipeline' retrieved from /opt/airflow/dags/etl_pipeline.py
[2026-09-27T01:52:50.585+0000] {logging_mixin.py:190} INFO - [2026-09-27T01:52:50.585+0000] {dag.py:3239} INFO - Sync 1 DAGs
[2026-09-27T01:52:50.593+0000] {logging_mixin.py:190} INFO - [2026-09-27T01:52:50.593+0000] {dag.py:4180} INFO - Setting next_dagrun for etl_pipeline to None, run_after=None
[2026-09-27T01:52:50.604+0000] {processor.py:208} INFO - Processing /opt/airflow/dags/etl_pipeline.py took 0.050 seconds
[2026-09-27T01:53:21.157+0000] {processor.py:186} INFO - Started process (PID=655) to work on /opt/airflow/dags/etl_pipeline.py
[2026-09-27T01:53:21.158+0000] {processor.py:914} INFO - Processing file /opt/airflow/dags/etl_pipeline.py for tasks to queue
[2026-09-27T01:53:21.160+0000] {logging_mixin.py:190} INFO - [2026-09-27T01:53:21.160+0000] {dagbag.py:588} INFO - Filling up the DagBag from /opt/airflow/dags/etl_pipeline.py
[2026-09-27T01:53:21.168+0000] {processor.py:925} INFO - DAG(s) 'etl_pipeline' retrieved from /opt/airflow/dags/etl_pipeline.py
[2026-09-27T01:53:21.183+0000] {logging_mixin.py:190} INFO - [2026-09-27T01:53:21.183+0000] {dag.py:3239} INFO - Sync 1 DAGs
[2026-09-27T01:53:21.191+0000] {logging_mixin.py:190} INFO - [2026-09-27T01:53:21.191+0000] {dag.py:4180} INFO - Setting next_dagrun for etl_pipeline to None, run_after=None
[2026-09-27T01:53:21.201+0000] {processor.py:208} INFO - Processing /opt/airflow/dags/etl_pipeline.py took 0.048 seconds
[2026-09-27T01:53:51.779+0000] {processor.py:186} INFO - Started process (PID=666) to work on /opt/airflow/dags/etl_pipeline.py
[2026-09-27T01:53:51.779+0000] {processor.py:914} INFO - Processing file /opt/airflow/dags/etl_pipeline.py for tasks to queue
[2026-09-27T01:53:51.781+0000] {logging_mixin.py:190} INFO - [2026-09-27T01:53:51.781+0000] {dagbag.py:588} INFO - Filling up the DagBag from /opt/airflow/dags/etl_pipeline.py
[2026-09-27T01:53:51.788+0000] {processor.py:925} INFO - DAG(s) 'etl_pipeline' retrieved from /opt/airflow/dags/etl_pipeline.py
[2026-09-27T01:53:51.804+0000] {logging_mixin.py:190} INFO - [2026-09-27T01:53:51.804+0000] {dag.py:3239} INFO - Sync 1 DAGs
[2026-09-27T01:53:51.812+0000] {logging_mixin.py:190} INFO - [2026-09-27T01:53:51.812+0000] {dag.py:4180} INFO - Setting next_dagrun for etl_pipeline to None, run_after=None
[2026-09-27T01:53:51.823+0000] {processor.py:208} INFO - Processing /opt/airflow/dags/etl_pipeline.py took 0.049 seconds
[2026-09-27T01:54:13.895+0000] {processor.py:186} INFO - Started process (PID=695) to work on /opt/airflow/dags/etl_pipeline.py
[2026-09-27T01:54:13.896+0000] {processor.py:914} INFO - Processing file /opt/airflow/dags/etl_pipeline.py for tasks to queue
[2026-09-27T01:54:13.897+0000] {logging_mixin.py:190} INFO - [2026-09-27T01:54:13.897+0000] {dagbag.py:588} INFO - Filling up the DagBag from /opt/airflow/dags/etl_pipeline.py
[2026-09-27T01:54:13.904+0000] {processor.py:925} INFO - DAG(s) 'etl_pipeline' retrieved from /opt/airflow/dags/etl_pipeline.py
[2026-09-27T01:54:13.925+0000] {logging_mixin.py:190} INFO - [2026-09-27T01:54:13.924+0000] {dag.py:1660} INFO - Executing dag callback function: <function on_dag_success at 0x7fe46f5593a0>
[2026-09-27T01:54:13.930+0000] {logging_mixin.py:190} WARNING - /home/airflow/.local/lib/python3.11/site-packages/airflow/utils/email.py:155 RemovedInAirflow3Warning: Fetching SMTP credentials from configuration variables will be deprecated in a future release. Please set credentials using a connection instead.
[2026-09-27T01:54:13.930+0000] {logging_mixin.py:190} INFO - [2026-09-27T01:54:13.930+0000] {email.py:272} INFO - Email alerting: attempt 1
[2026-09-27T01:54:13.931+0000] {logging_mixin.py:190} INFO - [2026-09-27T01:54:13.930+0000] {email.py:283} INFO - Sent an alert email to ['data-team@example.com']
[2026-09-27T01:54:13.943+0000] {logging_mixin.py:190} INFO - [2026-09-27T01:54:13.943+0000] {dag.py:3239} INFO - Sync 1 DAGs
[2026-09-27T01:54:13.951+0000] {logging_mixin.py:190} INFO - [2026-09-27T01:54:13.951+0000] {dag.py:4180} INFO - Setting next_dagrun for etl_pipeline to None, run_after=None
[2026-09-27T01:54:13.961+0000] {processor.py:208} INFO - Processing /opt/airflow/dags/etl_pipeline.py took 0.071 seconds
[2026-09-27T01:54:44.702+0000] {processor.py:186} INFO - Started process (PID=706) to work on /opt/airflow/dags/etl_pipeline.py
[2026-09-27T01:54:44.702+0000] {processor.py:914} INFO - Processing file /opt/airflow/dags/etl_pipeline.py for tasks to queue
[2026-09-27T01:54:44.704+0000] {logging_mixin.py:190} INFO - [2026-09-27T01:54:44.704+0000] {dagbag.py:588} INFO - Filling up the DagBag from /opt/airflow/dags/etl_pipeline.py
[2026-09-27T01:54:44.711+0000] {processor.py:925} INFO - DAG(s) 'etl_pipeline' retrieved from /opt/airflow/dags/etl_pipeline.py
[2026-09-27T01:54:44.728+0000] {logging_mixin.py:190} INFO - [2026-09-27T01:54:44.728+0000] {dag.py:3239} INFO - Sync 1 DAGs
[2026-09-27T01:54:44.737+0000] {logging_mixin.py:190} INFO - [2026-09-27T01:54:44.736+0000] {dag.py:4180} INFO - Setting next_dagrun for etl_pipeline to None, run_after=None
[2026-09-27T01:54:44.748+0000] {processor.py:208} INFO - Processing /opt/airflow/dags/etl_pipeline.py took 0.051 seconds
[2026-09-27T01:55:15.301+0000] {processor.py:186} INFO - Started process (PID=717) to work on /opt/airflow/dags/etl_pipeline.py
[2026-09-27T01:55:15.301+0000] {processor.py:914} INFO - Processing file /opt/airflow/dags/etl_pipeline.py for tasks to queue
[2026-09-27T01:55:15.303+0000] {logging_mixin.py:190} INFO - [2026-09-27T01:55:15.302+0000] {dagbag.py:588} INFO - Filling up the DagBag from /opt/airflow/dags/etl_pipeline.py
[2026-09-27T01:55:15.310+0000] {processor.py:925} INFO - DAG(s) 'etl_pipeline' retrieved from /opt/airflow/dags/etl_pipeline.py
[2026-09-27T01:55:15.328+0000] {logging_mixin.py:190} INFO - [2026-09-27T01:55:15.328+0000] {dag.py:3239} INFO - Sync 1 DAGs
[2026-09-27T01:55:15.337+0000] {logging_mixin.py:190} INFO - [2026-09-27T01:55:15.337+0000] {dag.py:4180} INFO - Setting next_dagrun for etl_pipeline to None, run_after=None
[2026-09-27T01:55:15.350+0000] {processor.py:208} INFO - Processing /opt/airflow/dags/etl_pipeline.py took 0.054 seconds
[2026-09-27T01:55:45.722+0000] {processor.py:186} INFO - Started process (PID=728) to work on /opt/airflow/dags/etl_pipeline.py
[2026-09-27T01:55:45.723+0000] {processor.py:914} INFO - Processing file /opt/airflow/dags/etl_pipeline.py for tasks to queue
[2026-09-27T01:55:45.725+0000] {logging_mixin.py:190} INFO - [2026-09-27T01:55:45.725+0000] {dagbag.py:588} INFO - Filling up the DagBag from /opt/airflow/dags/etl_pipeline.py
[2026-09-27T01:55:45.733+0000] {processor.py:925} INFO - DAG(s) 'etl_pipeline' retrieved from /opt/airflow/dags/etl_pipeline.py
[2026-09-27T01:55:45.749+0000] {logging_mixin.py:190} INFO - [2026-09-27T01:55:45.748+0000] {dag.py:3239} INFO - Sync 1 DAGs
[2026-09-27T01:55:45.758+0000] {logging_mixin.py:190} INFO - [2026-09-27T01:55:45.758+0000] {dag.py:4180} INFO - Setting next_dagrun for etl_pipeline to None, run_after=None
[2026-09-27T01:55:45.769+0000] {processor.py:208} INFO - Processing /opt/airflow/dags/etl_pipeline.py took 0.051 seconds
[2026-09-27T01:56:16.300+0000] {processor.py:186} INFO - Started process (PID=739) to work on /opt/airflow/dags/etl_pipeline.py
[2026-09-27T01:56:16.300+0000] {processor.py:914} INFO - Processing file /opt/airflow/dags/etl_pipeline.py for tasks to queue
[2026-09-27T01:56:16.302+0000] {logging_mixin.py:190} INFO - [2026-09-27T01:56:16.302+0000] {dagbag.py:588} INFO - Filling up the DagBag from /opt/airflow/dags/etl_pipeline.py
[2026-09-27T01:56:16.309+0000] {processor.py:925} INFO - DAG(s) 'etl_pipeline' retrieved from /opt/airflow/dags/etl_pipeline.py
[2026-09-27T01:56:16.326+0000] {logging_mixin.py:190} INFO - [2026-09-27T01:56:16.326+0000] {dag.py:3239} INFO - Sync 1 DAGs
[2026-09-27T01:56:16.335+0000] {logging_mixin.py:190} INFO - [2026-09-27T01:56:16.335+0000] {dag.py:4180} INFO - Setting next_dagrun for etl_pipeline to None, run_after=None
[2026-09-27T01:56:16.347+0000] {processor.py:208} INFO - Processing /opt/airflow/dags/etl_pipeline.py took 0.055 seconds
[2026-09-27T01:56:46.946+0000] {processor.py:186} INFO - Started process (PID=750) to work on /opt/airflow/dags/etl_pipeline.py
[2026-09-27T01:56:46.947+0000] {processor.py:914} INFO - Processing file /opt/airflow/dags/etl_pipeline.py for tasks to queue
[2026-09-27T01:56:46.948+0000] {logging_mixin.py:190} INFO - [2026-09-27T01:56:46.948+0000] {dagbag.py:588} INFO - Filling up the DagBag from /opt/airflow/dags/etl_pipeline.py
[2026-09-27T01:56:46.956+0000] {processor.py:925} INFO - DAG(s) 'etl_pipeline' retrieved from /opt/airflow/dags/etl_pipeline.py
[2026-09-27T01:56:46.973+0000] {logging_mixin.py:190} INFO - [2026-09-27T01:56:46.973+0000] {dag.py:3239} INFO - Sync 1 DAGs
[2026-09-27T01:56:46.982+0000] {logging_mixin.py:190} INFO - [2026-09-27T01:56:46.982+0000] {dag.py:4180} INFO - Setting next_dagrun for etl_pipeline to None, run_after=None
[2026-09-27T01:56:46.994+0000] {processor.py:208} INFO - Processing /opt/airflow/dags/etl_pipeline.py took 0.052 seconds
[2026-09-27T01:57:17.035+0000] {processor.py:186} INFO - Started process (PID=761) to work on /opt/airflow/dags/etl_pipeline.py
[2026-09-27T01:57:17.036+0000] {processor.py:914} INFO - Processing file /opt/airflow/dags/etl_pipeline.py for tasks to queue
[2026-09-27T01:57:17.037+0000] {logging_mixin.py:190} INFO - [2026-09-27T01:57:17.037+0000] {dagbag.py:588} INFO - Filling up the DagBag from /opt/airflow/dags/etl_pipeline.py
[2026-09-27T01:57:17.045+0000] {processor.py:925} INFO - DAG(s) 'etl_pipeline' retrieved from /opt/airflow/dags/etl_pipeline.py
[2026-09-27T01:57:17.062+0000] {logging_mixin.py:190} INFO - [2026-09-27T01:57:17.062+0000] {dag.py:3239} INFO - Sync 1 DAGs
[2026-09-27T01:57:17.071+0000] {logging_mixin.py:190} INFO - [2026-09-27T01:57:17.070+0000] {dag.py:4180} INFO - Setting next_dagrun for etl_pipeline to None, run_after=None
[2026-09-27T01:57:17.081+0000] {processor.py:208} INFO - Processing /opt/airflow/dags/etl_pipeline.py took 0.050 seconds
[2026-09-27T01:57:47.562+0000] {processor.py:186} INFO - Started process (PID=772) to work on /opt/airflow/dags/etl_pipeline.py
[2026-09-27T01:57:47.563+0000] {processor.py:914} INFO - Processing file /opt/airflow/dags/etl_pipeline.py for tasks to queue
[2026-09-27T01:57:47.564+0000] {logging_mixin.py:190} INFO - [2026-09-27T01:57:47.564+0000] {dagbag.py:588} INFO - Filling up the DagBag from /opt/airflow/dags/etl_pipeline.py
[2026-09-27T01:57:47.571+0000] {processor.py:925} INFO - DAG(s) 'etl_pipeline' retrieved from /opt/airflow/dags/etl_pipeline.py
[2026-09-27T01:57:47.589+0000] {logging_mixin.py:190} INFO - [2026-09-27T01:57:47.589+0000] {dag.py:3239} INFO - Sync 1 DAGs
[2026-09-27T01:57:47.597+0000] {logging_mixin.py:190} INFO - [2026-09-27T01:57:47.597+0000] {dag.py:4180} INFO - Setting next_dagrun for etl_pipeline to None, run_after=None
[2026-09-27T01:57:47.608+0000] {processor.py:208} INFO - Processing /opt/airflow/dags/etl_pipeline.py took 0.051 seconds
[2026-09-27T01:58:18.430+0000] {processor.py:186} INFO - Started process (PID=783) to work on /opt/airflow/dags/etl_pipeline.py
[2026-09-27T01:58:18.431+0000] {processor.py:914} INFO - Processing file /opt/airflow/dags/etl_pipeline.py for tasks to queue
[2026-09-27T01:58:18.433+0000] {logging_mixin.py:190} INFO - [2026-09-27T01:58:18.432+0000] {dagbag.py:588} INFO - Filling up the DagBag from /opt/airflow/dags/etl_pipeline.py
[2026-09-27T01:58:18.439+0000] {processor.py:925} INFO - DAG(s) 'etl_pipeline' retrieved from /opt/airflow/dags/etl_pipeline.py
[2026-09-27T01:58:18.456+0000] {logging_mixin.py:190} INFO - [2026-09-27T01:58:18.456+0000] {dag.py:3239} INFO - Sync 1 DAGs
[2026-09-27T01:58:18.464+0000] {logging_mixin.py:190} INFO - [2026-09-27T01:58:18.463+0000] {dag.py:4180} INFO - Setting next_dagrun for etl_pipeline to None, run_after=None
[2026-09-27T01:58:18.475+0000] {processor.py:208} INFO - Processing /opt/airflow/dags/etl_pipeline.py took 0.050 seconds
[2026-09-27T01:58:49.378+0000] {processor.py:186} INFO - Started process (PID=812) to work on /opt/airflow/dags/etl_pipeline.py
[2026-09-27T01:58:49.380+0000] {processor.py:914} INFO - Processing file /opt/airflow/dags/etl_pipeline.py for tasks to queue
[2026-09-27T01:58:49.381+0000] {logging_mixin.py:190} INFO - [2026-09-27T01:58:49.381+0000] {dagbag.py:588} INFO - Filling up the DagBag from /opt/airflow/dags/etl_pipeline.py
[2026-09-27T01:58:49.388+0000] {processor.py:925} INFO - DAG(s) 'etl_pipeline' retrieved from /opt/airflow/dags/etl_pipeline.py
[2026-09-27T01:58:49.405+0000] {logging_mixin.py:190} INFO - [2026-09-27T01:58:49.405+0000] {dag.py:3239} INFO - Sync 1 DAGs
[2026-09-27T01:58:49.414+0000] {logging_mixin.py:190} INFO - [2026-09-27T01:58:49.413+0000] {dag.py:4180} INFO - Setting next_dagrun for etl_pipeline to None, run_after=None
[2026-09-27T01:58:49.426+0000] {processor.py:208} INFO - Processing /opt/airflow/dags/etl_pipeline.py took 0.054 seconds
[2026-09-27T01:59:10.956+0000] {processor.py:186} INFO - Started process (PID=829) to work on /opt/airflow/dags/etl_pipeline.py
[2026-09-27T01:59:10.956+0000] {processor.py:914} INFO - Processing file /opt/airflow/dags/etl_pipeline.py for tasks to queue
[2026-09-27T01:59:10.958+0000] {logging_mixin.py:190} INFO - [2026-09-27T01:59:10.958+0000] {dagbag.py:588} INFO - Filling up the DagBag from /opt/airflow/dags/etl_pipeline.py
[2026-09-27T01:59:10.965+0000] {processor.py:925} INFO - DAG(s) 'etl_pipeline' retrieved from /opt/airflow/dags/etl_pipeline.py
[2026-09-27T01:59:10.989+0000] {logging_mixin.py:190} INFO - [2026-09-27T01:59:10.988+0000] {dag.py:1660} INFO - Executing dag callback function: <function on_dag_failure at 0x7fe46f558c20>
[2026-09-27T01:59:10.994+0000] {logging_mixin.py:190} WARNING - /home/airflow/.local/lib/python3.11/site-packages/airflow/utils/email.py:155 RemovedInAirflow3Warning: Fetching SMTP credentials from configuration variables will be deprecated in a future release. Please set credentials using a connection instead.
[2026-09-27T01:59:10.995+0000] {logging_mixin.py:190} INFO - [2026-09-27T01:59:10.995+0000] {email.py:272} INFO - Email alerting: attempt 1
[2026-09-27T01:59:10.996+0000] {logging_mixin.py:190} INFO - [2026-09-27T01:59:10.996+0000] {email.py:283} INFO - Sent an alert email to ['data-team@example.com']
[2026-09-27T01:59:11.011+0000] {logging_mixin.py:190} INFO - [2026-09-27T01:59:11.010+0000] {dag.py:3239} INFO - Sync 1 DAGs
[2026-09-27T01:59:11.017+0000] {logging_mixin.py:190} INFO - [2026-09-27T01:59:11.017+0000] {dag.py:4180} INFO - Setting next_dagrun for etl_pipeline to None, run_after=None
[2026-09-27T01:59:11.028+0000] {processor.py:208} INFO - Processing /opt/airflow/dags/etl_pipeline.py took 0.077 seconds
[2026-09-27T01:59:41.468+0000] {processor.py:186} INFO - Started process (PID=841) to work on /opt/airflow/dags/etl_pipeline.py
[2026-09-27T01:59:41.469+0000] {processor.py:914} INFO - Processing file /opt/airflow/dags/etl_pipeline.py for tasks to queue
[2026-09-27T01:59:41.470+0000] {logging_mixin.py:190} INFO - [2026-09-27T01:59:41.470+0000] {dagbag.py:588} INFO - Filling up the DagBag from /opt/airflow/dags/etl_pipeline.py
[2026-09-27T01:59:41.478+0000] {processor.py:925} INFO - DAG(s) 'etl_pipeline' retrieved from /opt/airflow/dags/etl_pipeline.py
[2026-09-27T01:59:41.495+0000] {logging_mixin.py:190} INFO - [2026-09-27T01:59:41.495+0000] {dag.py:3239} INFO - Sync 1 DAGs
[2026-09-27T01:59:41.503+0000] {logging_mixin.py:190} INFO - [2026-09-27T01:59:41.503+0000] {dag.py:4180} INFO - Setting next_dagrun for etl_pipeline to None, run_after=None
[2026-09-27T01:59:41.514+0000] {processor.py:208} INFO - Processing /opt/airflow/dags/etl_pipeline.py took 0.050 seconds
[2026-09-27T02:00:11.843+0000] {processor.py:186} INFO - Started process (PID=852) to work on /opt/airflow/dags/etl_pipeline.py
[2026-09-27T02:00:11.843+0000] {processor.py:914} INFO - Processing file /opt/airflow/dags/etl_pipeline.py for tasks to queue
[2026-09-27T02:00:11.845+0000] {logging_mixin.py:190} INFO - [2026-09-27T02:00:11.845+0000] {dagbag.py:588} INFO - Filling up the DagBag from /opt/airflow/dags/etl_pipeline.py
[2026-09-27T02:00:11.851+0000] {processor.py:925} INFO - DAG(s) 'etl_pipeline' retrieved from /opt/airflow/dags/etl_pipeline.py
[2026-09-27T02:00:11.868+0000] {logging_mixin.py:190} INFO - [2026-09-27T02:00:11.868+0000] {dag.py:3239} INFO - Sync 1 DAGs
[2026-09-27T02:00:11.876+0000] {logging_mixin.py:190} INFO - [2026-09-27T02:00:11.876+0000] {dag.py:4180} INFO - Setting next_dagrun for etl_pipeline to None, run_after=None
[2026-09-27T02:00:11.887+0000] {processor.py:208} INFO - Processing /opt/airflow/dags/etl_pipeline.py took 0.053 seconds
[2026-09-27T02:00:42.365+0000] {processor.py:186} INFO - Started process (PID=863) to work on /opt/airflow/dags/etl_pipeline.py
[2026-09-27T02:00:42.366+0000] {processor.py:914} INFO - Processing file /opt/airflow/dags/etl_pipeline.py for tasks to queue
[2026-09-27T02:00:42.368+0000] {logging_mixin.py:190} INFO - [2026-09-27T02:00:42.368+0000] {dagbag.py:588} INFO - Filling up the DagBag from /opt/airflow/dags/etl_pipeline.py
[2026-09-27T02:00:42.375+0000] {processor.py:925} INFO - DAG(s) 'etl_pipeline' retrieved from /opt/airflow/dags/etl_pipeline.py
[2026-09-27T02:00:42.391+0000] {logging_mixin.py:190} INFO - [2026-09-27T02:00:42.391+0000] {dag.py:3239} INFO - Sync 1 DAGs
[2026-09-27T02:00:42.399+0000] {logging_mixin.py:190} INFO - [2026-09-27T02:00:42.399+0000] {dag.py:4180} INFO - Setting next_dagrun for etl_pipeline to None, run_after=None
[2026-09-27T02:00:42.410+0000] {processor.py:208} INFO - Processing /opt/airflow/dags/etl_pipeline.py took 0.050 seconds
[2026-09-27T02:01:13.186+0000] {processor.py:186} INFO - Started process (PID=874) to work on /opt/airflow/dags/etl_pipeline.py
[2026-09-27T02:01:13.187+0000] {processor.py:914} INFO - Processing file /opt/airflow/dags/etl_pipeline.py for tasks to queue
[2026-09-27T02:01:13.189+0000] {logging_mixin.py:190} INFO - [2026-09-27T02:01:13.188+0000] {dagbag.py:588} INFO - Filling up the DagBag from /opt/airflow/dags/etl_pipeline.py
[2026-09-27T02:01:13.196+0000] {processor.py:925} INFO - DAG(s) 'etl_pipeline' retrieved from /opt/airflow/dags/etl_pipeline.py
[2026-09-27T02:01:13.212+0000] {logging_mixin.py:190} INFO - [2026-09-27T02:01:13.212+0000] {dag.py:3239} INFO - Sync 1 DAGs
[2026-09-27T02:01:13.221+0000] {logging_mixin.py:190} INFO - [2026-09-27T02:01:13.220+0000] {dag.py:4180} INFO - Setting next_dagrun for etl_pipeline to None, run_after=None
[2026-09-27T02:01:13.231+0000] {processor.py:208} INFO - Processing /opt/airflow/dags/etl_pipeline.py took 0.050 seconds
[2026-09-27T02:01:44.001+0000] {processor.py:186} INFO - Started process (PID=885) to work on /opt/airflow/dags/etl_pipeline.py
[2026-09-27T02:01:44.001+0000] {processor.py:914} INFO - Processing file /opt/airflow/dags/etl_pipeline.py for tasks to queue
[2026-09-27T02:01:44.003+0000] {logging_mixin.py:190} INFO - [2026-09-27T02:01:44.002+0000] {dagbag.py:588} INFO - Filling up the DagBag from /opt/airflow/dags/etl_pipeline.py
[2026-09-27T02:01:44.009+0000] {processor.py:925} INFO - DAG(s) 'etl_pipeline' retrieved from /opt/airflow/dags/etl_pipeline.py
[2026-09-27T02:01:44.025+0000] {logging_mixin.py:190} INFO - [2026-09-27T02:01:44.025+0000] {dag.py:3239} INFO - Sync 1 DAGs
[2026-09-27T02:01:44.033+0000] {logging_mixin.py:190} INFO - [2026-09-27T02:01:44.033+0000] {dag.py:4180} INFO - Setting next_dagrun for etl_pipeline to None, run_after=None
[2026-09-27T02:01:44.044+0000] {processor.py:208} INFO - Processing /opt/airflow/dags/etl_pipeline.py took 0.048 seconds
[2026-09-27T02:02:14.382+0000] {processor.py:186} INFO - Started process (PID=897) to work on /opt/airflow/dags/etl_pipeline.py
[2026-09-27T02:02:14.383+0000] {processor.py:914} INFO - Processing file /opt/airflow/dags/etl_pipeline.py for tasks to queue
[2026-09-27T02:02:14.384+0000] {logging_mixin.py:190} INFO - [2026-09-27T02:02:14.384+0000] {dagbag.py:588} INFO - Filling up the DagBag from /opt/airflow/dags/etl_pipeline.py
[2026-09-27T02:02:14.391+0000] {processor.py:925} INFO - DAG(s) 'etl_pipeline' retrieved from /opt/airflow/dags/etl_pipeline.py
[2026-09-27T02:02:14.409+0000] {logging_mixin.py:190} INFO - [2026-09-27T02:02:14.409+0000] {dag.py:3239} INFO - Sync 1 DAGs
[2026-09-27T02:02:14.417+0000] {logging_mixin.py:190} INFO - [2026-09-27T02:02:14.417+0000] {dag.py:4180} INFO - Setting next_dagrun for etl_pipeline to None, run_after=None
[2026-09-27T02:02:14.427+0000] {processor.py:208} INFO - Processing /opt/airflow/dags/etl_pipeline.py took 0.055 seconds
[2026-09-27T02:02:44.743+0000] {processor.py:186} INFO - Started process (PID=908) to work on /opt/airflow/dags/etl_pipeline.py
[2026-09-27T02:02:44.745+0000] {processor.py:914} INFO - Processing file /opt/airflow/dags/etl_pipeline.py for tasks to queue
[2026-09-27T02:02:44.747+0000] {logging_mixin.py:190} INFO - [2026-09-27T02:02:44.747+0000] {dagbag.py:588} INFO - Filling up the DagBag from /opt/airflow/dags/etl_pipeline.py
[2026-09-27T02:02:44.755+0000] {processor.py:925} INFO - DAG(s) 'etl_pipeline' retrieved from /opt/airflow/dags/etl_pipeline.py
[2026-09-27T02:02:44.772+0000] {logging_mixin.py:190} INFO - [2026-09-27T02:02:44.772+0000] {dag.py:3239} INFO - Sync 1 DAGs
[2026-09-27T02:02:44.780+0000] {logging_mixin.py:190} INFO - [2026-09-27T02:02:44.780+0000] {dag.py:4180} INFO - Setting next_dagrun for etl_pipeline to None, run_after=None
[2026-09-27T02:02:44.791+0000] {processor.py:208} INFO - Processing /opt/airflow/dags/etl_pipeline.py took 0.052 seconds
[2026-09-27T02:03:15.342+0000] {processor.py:186} INFO - Started process (PID=918) to work on /opt/airflow/dags/etl_pipeline.py
[2026-09-27T02:03:15.343+0000] {processor.py:914} INFO - Processing file /opt/airflow/dags/etl_pipeline.py for tasks to queue
[2026-09-27T02:03:15.345+0000] {logging_mixin.py:190} INFO - [2026-09-27T02:03:15.345+0000] {dagbag.py:588} INFO - Filling up the DagBag from /opt/airflow/dags/etl_pipeline.py
[2026-09-27T02:03:15.352+0000] {processor.py:925} INFO - DAG(s) 'etl_pipeline' retrieved from /opt/airflow/dags/etl_pipeline.py
[2026-09-27T02:03:15.368+0000] {logging_mixin.py:190} INFO - [2026-09-27T02:03:15.368+0000] {dag.py:3239} INFO - Sync 1 DAGs
[2026-09-27T02:03:15.376+0000] {logging_mixin.py:190} INFO - [2026-09-27T02:03:15.376+0000] {dag.py:4180} INFO - Setting next_dagrun for etl_pipeline to None, run_after=None
[2026-09-27T02:03:15.387+0000] {processor.py:208} INFO - Processing /opt/airflow/dags/etl_pipeline.py took 0.049 seconds
[2026-09-27T02:03:46.166+0000] {processor.py:186} INFO - Started process (PID=928) to work on /opt/airflow/dags/etl_pipeline.py
[2026-09-27T02:03:46.167+0000] {processor.py:914} INFO - Processing file /opt/airflow/dags/etl_pipeline.py for tasks to queue
[2026-09-27T02:03:46.169+0000] {logging_mixin.py:190} INFO - [2026-09-27T02:03:46.168+0000] {dagbag.py:588} INFO - Filling up the DagBag from /opt/airflow/dags/etl_pipeline.py
[2026-09-27T02:03:46.176+0000] {processor.py:925} INFO - DAG(s) 'etl_pipeline' retrieved from /opt/airflow/dags/etl_pipeline.py
[2026-09-27T02:03:46.194+0000] {logging_mixin.py:190} INFO - [2026-09-27T02:03:46.194+0000] {dag.py:3239} INFO - Sync 1 DAGs
[2026-09-27T02:03:46.203+0000] {logging_mixin.py:190} INFO - [2026-09-27T02:03:46.203+0000] {dag.py:4180} INFO - Setting next_dagrun for etl_pipeline to None, run_after=None
[2026-09-27T02:03:46.216+0000] {processor.py:208} INFO - Processing /opt/airflow/dags/etl_pipeline.py took 0.055 seconds
[2026-09-27T02:04:17.117+0000] {processor.py:186} INFO - Started process (PID=939) to work on /opt/airflow/dags/etl_pipeline.py
[2026-09-27T02:04:17.117+0000] {processor.py:914} INFO - Processing file /opt/airflow/dags/etl_pipeline.py for tasks to queue
[2026-09-27T02:04:17.119+0000] {logging_mixin.py:190} INFO - [2026-09-27T02:04:17.118+0000] {dagbag.py:588} INFO - Filling up the DagBag from /opt/airflow/dags/etl_pipeline.py
[2026-09-27T02:04:17.125+0000] {processor.py:925} INFO - DAG(s) 'etl_pipeline' retrieved from /opt/airflow/dags/etl_pipeline.py
[2026-09-27T02:04:17.141+0000] {logging_mixin.py:190} INFO - [2026-09-27T02:04:17.141+0000] {dag.py:3239} INFO - Sync 1 DAGs
[2026-09-27T02:04:17.149+0000] {logging_mixin.py:190} INFO - [2026-09-27T02:04:17.148+0000] {dag.py:4180} INFO - Setting next_dagrun for etl_pipeline to None, run_after=None
[2026-09-27T02:04:17.159+0000] {processor.py:208} INFO - Processing /opt/airflow/dags/etl_pipeline.py took 0.046 seconds
[2026-09-27T02:04:47.527+0000] {processor.py:186} INFO - Started process (PID=950) to work on /opt/airflow/dags/etl_pipeline.py
[2026-09-27T02:04:47.528+0000] {processor.py:914} INFO - Processing file /opt/airflow/dags/etl_pipeline.py for tasks to queue
[2026-09-27T02:04:47.529+0000] {logging_mixin.py:190} INFO - [2026-09-27T02:04:47.529+0000] {dagbag.py:588} INFO - Filling up the DagBag from /opt/airflow/dags/etl_pipeline.py
[2026-09-27T02:04:47.536+0000] {processor.py:925} INFO - DAG(s) 'etl_pipeline' retrieved from /opt/airflow/dags/etl_pipeline.py
[2026-09-27T02:04:47.552+0000] {logging_mixin.py:190} INFO - [2026-09-27T02:04:47.552+0000] {dag.py:3239} INFO - Sync 1 DAGs
[2026-09-27T02:04:47.559+0000] {logging_mixin.py:190} INFO - [2026-09-27T02:04:47.559+0000] {dag.py:4180} INFO - Setting next_dagrun for etl_pipeline to None, run_after=None
[2026-09-27T02:04:47.570+0000] {processor.py:208} INFO - Processing /opt/airflow/dags/etl_pipeline.py took 0.049 seconds
[2026-09-27T02:05:18.309+0000] {processor.py:186} INFO - Started process (PID=961) to work on /opt/airflow/dags/etl_pipeline.py
[2026-09-27T02:05:18.309+0000] {processor.py:914} INFO - Processing file /opt/airflow/dags/etl_pipeline.py for tasks to queue
[2026-09-27T02:05:18.311+0000] {logging_mixin.py:190} INFO - [2026-09-27T02:05:18.311+0000] {dagbag.py:588} INFO - Filling up the DagBag from /opt/airflow/dags/etl_pipeline.py
[2026-09-27T02:05:18.318+0000] {processor.py:925} INFO - DAG(s) 'etl_pipeline' retrieved from /opt/airflow/dags/etl_pipeline.py
[2026-09-27T02:05:18.334+0000] {logging_mixin.py:190} INFO - [2026-09-27T02:05:18.334+0000] {dag.py:3239} INFO - Sync 1 DAGs
[2026-09-27T02:05:18.342+0000] {logging_mixin.py:190} INFO - [2026-09-27T02:05:18.342+0000] {dag.py:4180} INFO - Setting next_dagrun for etl_pipeline to None, run_after=None
[2026-09-27T02:05:18.353+0000] {processor.py:208} INFO - Processing /opt/airflow/dags/etl_pipeline.py took 0.049 seconds
[2026-09-27T02:05:49.080+0000] {processor.py:186} INFO - Started process (PID=972) to work on /opt/airflow/dags/etl_pipeline.py
[2026-09-27T02:05:49.081+0000] {processor.py:914} INFO - Processing file /opt/airflow/dags/etl_pipeline.py for tasks to queue
[2026-09-27T02:05:49.083+0000] {logging_mixin.py:190} INFO - [2026-09-27T02:05:49.082+0000] {dagbag.py:588} INFO - Filling up the DagBag from /opt/airflow/dags/etl_pipeline.py
[2026-09-27T02:05:49.090+0000] {processor.py:925} INFO - DAG(s) 'etl_pipeline' retrieved from /opt/airflow/dags/etl_pipeline.py
[2026-09-27T02:05:49.106+0000] {logging_mixin.py:190} INFO - [2026-09-27T02:05:49.106+0000] {dag.py:3239} INFO - Sync 1 DAGs
[2026-09-27T02:05:49.114+0000] {logging_mixin.py:190} INFO - [2026-09-27T02:05:49.114+0000] {dag.py:4180} INFO - Setting next_dagrun for etl_pipeline to None, run_after=None
[2026-09-27T02:05:49.124+0000] {processor.py:208} INFO - Processing /opt/airflow/dags/etl_pipeline.py took 0.054 seconds
[2026-09-27T02:06:19.631+0000] {processor.py:186} INFO - Started process (PID=983) to work on /opt/airflow/dags/etl_pipeline.py
[2026-09-27T02:06:19.632+0000] {processor.py:914} INFO - Processing file /opt/airflow/dags/etl_pipeline.py for tasks to queue
[2026-09-27T02:06:19.633+0000] {logging_mixin.py:190} INFO - [2026-09-27T02:06:19.633+0000] {dagbag.py:588} INFO - Filling up the DagBag from /opt/airflow/dags/etl_pipeline.py
[2026-09-27T02:06:19.641+0000] {processor.py:925} INFO - DAG(s) 'etl_pipeline' retrieved from /opt/airflow/dags/etl_pipeline.py
[2026-09-27T02:06:19.658+0000] {logging_mixin.py:190} INFO - [2026-09-27T02:06:19.658+0000] {dag.py:3239} INFO - Sync 1 DAGs
[2026-09-27T02:06:19.669+0000] {logging_mixin.py:190} INFO - [2026-09-27T02:06:19.669+0000] {dag.py:4180} INFO - Setting next_dagrun for etl_pipeline to None, run_after=None
[2026-09-27T02:06:19.681+0000] {processor.py:208} INFO - Processing /opt/airflow/dags/etl_pipeline.py took 0.054 seconds
[2026-09-27T02:06:50.057+0000] {processor.py:186} INFO - Started process (PID=994) to work on /opt/airflow/dags/etl_pipeline.py
[2026-09-27T02:06:50.058+0000] {processor.py:914} INFO - Processing file /opt/airflow/dags/etl_pipeline.py for tasks to queue
[2026-09-27T02:06:50.059+0000] {logging_mixin.py:190} INFO - [2026-09-27T02:06:50.059+0000] {dagbag.py:588} INFO - Filling up the DagBag from /opt/airflow/dags/etl_pipeline.py
[2026-09-27T02:06:50.067+0000] {processor.py:925} INFO - DAG(s) 'etl_pipeline' retrieved from /opt/airflow/dags/etl_pipeline.py
[2026-09-27T02:06:50.086+0000] {logging_mixin.py:190} INFO - [2026-09-27T02:06:50.086+0000] {dag.py:3239} INFO - Sync 1 DAGs
[2026-09-27T02:06:50.095+0000] {logging_mixin.py:190} INFO - [2026-09-27T02:06:50.095+0000] {dag.py:4180} INFO - Setting next_dagrun for etl_pipeline to None, run_after=None
[2026-09-27T02:06:50.107+0000] {processor.py:208} INFO - Processing /opt/airflow/dags/etl_pipeline.py took 0.059 seconds
[2026-09-27T02:07:20.376+0000] {processor.py:186} INFO - Started process (PID=1005) to work on /opt/airflow/dags/etl_pipeline.py
[2026-09-27T02:07:20.377+0000] {processor.py:914} INFO - Processing file /opt/airflow/dags/etl_pipeline.py for tasks to queue
[2026-09-27T02:07:20.378+0000] {logging_mixin.py:190} INFO - [2026-09-27T02:07:20.378+0000] {dagbag.py:588} INFO - Filling up the DagBag from /opt/airflow/dags/etl_pipeline.py
[2026-09-27T02:07:20.385+0000] {processor.py:925} INFO - DAG(s) 'etl_pipeline' retrieved from /opt/airflow/dags/etl_pipeline.py
[2026-09-27T02:07:20.401+0000] {logging_mixin.py:190} INFO - [2026-09-27T02:07:20.401+0000] {dag.py:3239} INFO - Sync 1 DAGs
[2026-09-27T02:07:20.410+0000] {logging_mixin.py:190} INFO - [2026-09-27T02:07:20.410+0000] {dag.py:4180} INFO - Setting next_dagrun for etl_pipeline to None, run_after=None
[2026-09-27T02:07:20.421+0000] {processor.py:208} INFO - Processing /opt/airflow/dags/etl_pipeline.py took 0.049 seconds
[2026-09-27T02:07:51.174+0000] {processor.py:186} INFO - Started process (PID=1016) to work on /opt/airflow/dags/etl_pipeline.py
[2026-09-27T02:07:51.175+0000] {processor.py:914} INFO - Processing file /opt/airflow/dags/etl_pipeline.py for tasks to queue
[2026-09-27T02:07:51.176+0000] {logging_mixin.py:190} INFO - [2026-09-27T02:07:51.176+0000] {dagbag.py:588} INFO - Filling up the DagBag from /opt/airflow/dags/etl_pipeline.py
[2026-09-27T02:07:51.183+0000] {processor.py:925} INFO - DAG(s) 'etl_pipeline' retrieved from /opt/airflow/dags/etl_pipeline.py
[2026-09-27T02:07:51.201+0000] {logging_mixin.py:190} INFO - [2026-09-27T02:07:51.201+0000] {dag.py:3239} INFO - Sync 1 DAGs
[2026-09-27T02:07:51.209+0000] {logging_mixin.py:190} INFO - [2026-09-27T02:07:51.209+0000] {dag.py:4180} INFO - Setting next_dagrun for etl_pipeline to None, run_after=None
[2026-09-27T02:07:51.219+0000] {processor.py:208} INFO - Processing /opt/airflow/dags/etl_pipeline.py took 0.056 seconds
[2026-09-27T02:08:21.922+0000] {processor.py:186} INFO - Started process (PID=1027) to work on /opt/airflow/dags/etl_pipeline.py
[2026-09-27T02:08:21.923+0000] {processor.py:914} INFO - Processing file /opt/airflow/dags/etl_pipeline.py for tasks to queue
[2026-09-27T02:08:21.924+0000] {logging_mixin.py:190} INFO - [2026-09-27T02:08:21.924+0000] {dagbag.py:588} INFO - Filling up the DagBag from /opt/airflow/dags/etl_pipeline.py
[2026-09-27T02:08:21.931+0000] {processor.py:925} INFO - DAG(s) 'etl_pipeline' retrieved from /opt/airflow/dags/etl_pipeline.py
[2026-09-27T02:08:21.947+0000] {logging_mixin.py:190} INFO - [2026-09-27T02:08:21.947+0000] {dag.py:3239} INFO - Sync 1 DAGs
[2026-09-27T02:08:21.955+0000] {logging_mixin.py:190} INFO - [2026-09-27T02:08:21.955+0000] {dag.py:4180} INFO - Setting next_dagrun for etl_pipeline to None, run_after=None
[2026-09-27T02:08:21.966+0000] {processor.py:208} INFO - Processing /opt/airflow/dags/etl_pipeline.py took 0.048 seconds
[2026-09-27T02:08:52.693+0000] {processor.py:186} INFO - Started process (PID=1038) to work on /opt/airflow/dags/etl_pipeline.py
[2026-09-27T02:08:52.694+0000] {processor.py:914} INFO - Processing file /opt/airflow/dags/etl_pipeline.py for tasks to queue
[2026-09-27T02:08:52.696+0000] {logging_mixin.py:190} INFO - [2026-09-27T02:08:52.695+0000] {dagbag.py:588} INFO - Filling up the DagBag from /opt/airflow/dags/etl_pipeline.py
[2026-09-27T02:08:52.702+0000] {processor.py:925} INFO - DAG(s) 'etl_pipeline' retrieved from /opt/airflow/dags/etl_pipeline.py
[2026-09-27T02:08:52.719+0000] {logging_mixin.py:190} INFO - [2026-09-27T02:08:52.719+0000] {dag.py:3239} INFO - Sync 1 DAGs
[2026-09-27T02:08:52.726+0000] {logging_mixin.py:190} INFO - [2026-09-27T02:08:52.726+0000] {dag.py:4180} INFO - Setting next_dagrun for etl_pipeline to None, run_after=None
[2026-09-27T02:08:52.737+0000] {processor.py:208} INFO - Processing /opt/airflow/dags/etl_pipeline.py took 0.054 seconds
[2026-09-27T02:09:23.415+0000] {processor.py:186} INFO - Started process (PID=1049) to work on /opt/airflow/dags/etl_pipeline.py
[2026-09-27T02:09:23.416+0000] {processor.py:914} INFO - Processing file /opt/airflow/dags/etl_pipeline.py for tasks to queue
[2026-09-27T02:09:23.418+0000] {logging_mixin.py:190} INFO - [2026-09-27T02:09:23.417+0000] {dagbag.py:588} INFO - Filling up the DagBag from /opt/airflow/dags/etl_pipeline.py
[2026-09-27T02:09:23.424+0000] {processor.py:925} INFO - DAG(s) 'etl_pipeline' retrieved from /opt/airflow/dags/etl_pipeline.py
[2026-09-27T02:09:23.442+0000] {logging_mixin.py:190} INFO - [2026-09-27T02:09:23.442+0000] {dag.py:3239} INFO - Sync 1 DAGs
[2026-09-27T02:09:23.450+0000] {logging_mixin.py:190} INFO - [2026-09-27T02:09:23.450+0000] {dag.py:4180} INFO - Setting next_dagrun for etl_pipeline to None, run_after=None
[2026-09-27T02:09:23.462+0000] {processor.py:208} INFO - Processing /opt/airflow/dags/etl_pipeline.py took 0.055 seconds
[2026-09-27T02:09:54.289+0000] {processor.py:186} INFO - Started process (PID=1060) to work on /opt/airflow/dags/etl_pipeline.py
[2026-09-27T02:09:54.290+0000] {processor.py:914} INFO - Processing file /opt/airflow/dags/etl_pipeline.py for tasks to queue
[2026-09-27T02:09:54.291+0000] {logging_mixin.py:190} INFO - [2026-09-27T02:09:54.291+0000] {dagbag.py:588} INFO - Filling up the DagBag from /opt/airflow/dags/etl_pipeline.py
[2026-09-27T02:09:54.298+0000] {processor.py:925} INFO - DAG(s) 'etl_pipeline' retrieved from /opt/airflow/dags/etl_pipeline.py
[2026-09-27T02:09:54.315+0000] {logging_mixin.py:190} INFO - [2026-09-27T02:09:54.315+0000] {dag.py:3239} INFO - Sync 1 DAGs
[2026-09-27T02:09:54.323+0000] {logging_mixin.py:190} INFO - [2026-09-27T02:09:54.323+0000] {dag.py:4180} INFO - Setting next_dagrun for etl_pipeline to None, run_after=None
[2026-09-27T02:09:54.333+0000] {processor.py:208} INFO - Processing /opt/airflow/dags/etl_pipeline.py took 0.051 seconds
