[2026-09-27T01:32:29.335+0000] {manager.py:483} INFO - Processing files using up to 2 processes at a time 
[2026-09-27T01:32:29.335+0000] {manager.py:484} INFO - Process each file at most once every 30 seconds
[2026-09-27T01:32:29.335+0000] {manager.py:485} INFO - Checking for new files in /opt/airflow/dags every 300 seconds
[2026-09-27T01:32:29.335+0000] {manager.py:821} INFO - Searching for files in /opt/airflow/dags
[2026-09-27T01:32:29.336+0000] {manager.py:824} INFO - There are 1 files in /opt/airflow/dags
[2026-09-27T01:32:29.394+0000] {manager.py:997} INFO - 
================================================================================
DAG File Processing Stats

File Path                            PID  Runtime      # DAGs    # Errors  Last Runtime    Last Run      Last # of DB Queries
---------------------------------  -----  ---------  --------  ----------  --------------  ----------  ----------------------
/opt/airflow/dags/etl_pipeline.py   2296  0.01s             0           0                                                   0
================================================================================
[2026-09-27T01:32:42.529+0000] {manager.py:465} INFO - Exiting gracefully upon receiving signal 15
[2026-09-27T01:33:04.596+0000] {manager.py:483} INFO - Processing files using up to 2 processes at a time 
[2026-09-27T01:33:04.597+0000] {manager.py:484} INFO - Process each file at most once every 30 seconds
[2026-09-27T01:33:04.597+0000] {manager.py:485} INFO - Checking for new files in /opt/airflow/dags every 300 seconds
[2026-09-27T01:33:04.597+0000] {manager.py:821} INFO - Searching for files in /opt/airflow/dags
[2026-09-27T01:33:04.598+0000] {manager.py:824} INFO - There are 1 files in /opt/airflow/dags
[2026-09-27T01:33:04.657+0000] {manager.py:997} INFO - 
================================================================================
DAG File Processing Stats

File Path                            PID  Runtime      # DAGs    # Errors  Last Runtime    Last Run      Last # of DB Queries
---------------------------------  -----  ---------  --------  ----------  --------------  ----------  ----------------------
/opt/airflow/dags/etl_pipeline.py    163  0.01s             0           0                                                   0
================================================================================
[2026-09-27T01:33:35.249+0000] {manager.py:997} INFO - 
================================================================================
DAG File Processing Stats

File Path                            PID  Runtime      # DAGs    # Errors  Last Runtime    Last Run               Last # of DB Queries
---------------------------------  -----  ---------  --------  ----------  --------------  -------------------  ----------------------
/opt/airflow/dags/etl_pipeline.py    174  0.00s             1           0  0.07s           2026-09-27T01:33:04                      10
================================================================================
[2026-09-27T01:34:05.621+0000] {manager.py:997} INFO - 
================================================================================
DAG File Processing Stats

File Path                            PID  Runtime      # DAGs    # Errors  Last Runtime    Last Run               Last # of DB Queries
---------------------------------  -----  ---------  --------  ----------  --------------  -------------------  ----------------------
/opt/airflow/dags/etl_pipeline.py    185  0.01s             1           0  0.07s           2026-09-27T01:33:35                      10
================================================================================
[2026-09-27T01:34:36.362+0000] {manager.py:997} INFO - 
================================================================================
DAG File Processing Stats

File Path                            PID  Runtime      # DAGs    # Errors  Last Runtime    Last Run               Last # of DB Queries
---------------------------------  -----  ---------  --------  ----------  --------------  -------------------  ----------------------
/opt/airflow/dags/etl_pipeline.py    195  0.00s             1           0  0.07s           2026-09-27T01:34:05                      10
================================================================================
[2026-09-27T01:35:06.791+0000] {manager.py:997} INFO - 
================================================================================
DAG File Processing Stats

File Path                            PID  Runtime      # DAGs    # Errors  Last Runtime    Last Run               Last # of DB Queries
---------------------------------  -----  ---------  --------  ----------  --------------  -------------------  ----------------------
/opt/airflow/dags/etl_pipeline.py    206  0.00s             1           0  0.06s           2026-09-27T01:34:36                      10
================================================================================
[2026-09-27T01:35:37.650+0000] {manager.py:997} INFO - 
================================================================================
DAG File Processing Stats

File Path                            PID  Runtime      # DAGs    # Errors  Last Runtime    Last Run               Last # of DB Queries
---------------------------------  -----  ---------  --------  ----------  --------------  -------------------  ----------------------
/opt/airflow/dags/etl_pipeline.py    217  0.00s             1           0  0.07s           2026-09-27T01:35:06                      10
================================================================================
[2026-09-27T01:36:08.595+0000] {manager.py:997} INFO - 
================================================================================
DAG File Processing Stats

File Path                            PID  Runtime      # DAGs    # Errors  Last Runtime    Last Run               Last # of DB Queries
---------------------------------  -----  ---------  --------  ----------  --------------  -------------------  ----------------------
/opt/airflow/dags/etl_pipeline.py    228  0.00s             1           0  0.06s           2026-09-27T01:35:37                      10
================================================================================
[2026-09-27T01:36:38.640+0000] {manager.py:997} INFO - 
================================================================================
DAG File Processing Stats

File Path                          PID    Runtime      # DAGs    # Errors  Last Runtime    Last Run               Last # of DB Queries
---------------------------------  -----  ---------  --------  ----------  --------------  -------------------  ----------------------
/opt/airflow/dags/etl_pipeline.py                           1           0  0.08s           2026-09-27T01:36:08                      10
================================================================================
[2026-09-27T01:37:09.042+0000] {manager.py:997} INFO - 
================================================================================
DAG File Processing Stats

File Path                          PID    Runtime      # DAGs    # Errors  Last Runtime    Last Run               Last # of DB Queries
---------------------------------  -----  ---------  --------  ----------  --------------  -------------------  ----------------------
/opt/airflow/dags/etl_pipeline.py                           1           0  0.08s           2026-09-27T01:36:51                      15
================================================================================
[2026-09-27T01:37:39.573+0000] {manager.py:997} INFO - 
================================================================================
DAG File Processing Stats

File Path                          PID    Runtime      # DAGs    # Errors  Last Runtime    Last Run               Last # of DB Queries
---------------------------------  -----  ---------  --------  ----------  --------------  -------------------  ----------------------
/opt/airflow/dags/etl_pipeline.py                           1           0  0.07s           2026-09-27T01:37:22                      10
================================================================================
[2026-09-27T01:38:04.820+0000] {manager.py:821} INFO - Searching for files in /opt/airflow/dags
[2026-09-27T01:38:04.826+0000] {manager.py:824} INFO - There are 1 files in /opt/airflow/dags
[2026-09-27T01:38:09.910+0000] {manager.py:997} INFO - 
================================================================================
DAG File Processing Stats

File Path                          PID    Runtime      # DAGs    # Errors  Last Runtime    Last Run               Last # of DB Queries
---------------------------------  -----  ---------  --------  ----------  --------------  -------------------  ----------------------
/opt/airflow/dags/etl_pipeline.py                           1           0  0.06s           2026-09-27T01:37:52                      10
================================================================================
[2026-09-27T01:38:40.619+0000] {manager.py:997} INFO - 
================================================================================
DAG File Processing Stats

File Path                          PID    Runtime      # DAGs    # Errors  Last Runtime    Last Run               Last # of DB Queries
---------------------------------  -----  ---------  --------  ----------  --------------  -------------------  ----------------------
/opt/airflow/dags/etl_pipeline.py                           1           0  0.08s           2026-09-27T01:38:23                      10
================================================================================
[2026-09-27T01:39:11.248+0000] {manager.py:997} INFO - 
================================================================================
DAG File Processing Stats

File Path                          PID    Runtime      # DAGs    # Errors  Last Runtime    Last Run               Last # of DB Queries
---------------------------------  -----  ---------  --------  ----------  --------------  -------------------  ----------------------
/opt/airflow/dags/etl_pipeline.py                           1           0  0.06s           2026-09-27T01:38:53                      10
================================================================================
[2026-09-27T01:39:41.634+0000] {manager.py:997} INFO - 
================================================================================
DAG File Processing Stats

File Path                          PID    Runtime      # DAGs    # Errors  Last Runtime    Last Run               Last # of DB Queries
---------------------------------  -----  ---------  --------  ----------  --------------  -------------------  ----------------------
/opt/airflow/dags/etl_pipeline.py                           1           0  0.09s           2026-09-27T01:39:24                      10
================================================================================
[2026-09-27T01:40:12.413+0000] {manager.py:997} INFO - 
================================================================================
DAG File Processing Stats

File Path                          PID    Runtime      # DAGs    # Errors  Last Runtime    Last Run               Last # of DB Queries
---------------------------------  -----  ---------  --------  ----------  --------------  -------------------  ----------------------
/opt/airflow/dags/etl_pipeline.py                           1           0  0.06s           2026-09-27T01:39:55                      10
================================================================================
[2026-09-27T01:40:43.230+0000] {manager.py:997} INFO - 
================================================================================
DAG File Processing Stats

File Path                          PID    Runtime      # DAGs    # Errors  Last Runtime    Last Run               Last # of DB Queries
---------------------------------  -----  ---------  --------  ----------  --------------  -------------------  ----------------------
/opt/airflow/dags/etl_pipeline.py                           1           0  0.09s           2026-09-27T01:40:37                      16
================================================================================
[2026-09-27T01:41:13.749+0000] {manager.py:997} INFO - 
================================================================================
DAG File Processing Stats

File Path                          PID    Runtime      # DAGs    # Errors  Last Runtime    Last Run               Last # of DB Queries
---------------------------------  -----  ---------  --------  ----------  --------------  -------------------  ----------------------
/opt/airflow/dags/etl_pipeline.py                           1           0  0.06s           2026-09-27T01:41:07                      10
================================================================================
[2026-09-27T01:41:44.263+0000] {manager.py:997} INFO - 
================================================================================
DAG File Processing Stats

File Path                          PID    Runtime      # DAGs    # Errors  Last Runtime    Last Run               Last # of DB Queries
---------------------------------  -----  ---------  --------  ----------  --------------  -------------------  ----------------------
/opt/airflow/dags/etl_pipeline.py                           1           0  0.07s           2026-09-27T01:41:38                      10
================================================================================
[2026-09-27T01:42:14.793+0000] {manager.py:997} INFO - 
================================================================================
DAG File Processing Stats

File Path                          PID    Runtime      # DAGs    # Errors  Last Runtime    Last Run               Last # of DB Queries
---------------------------------  -----  ---------  --------  ----------  --------------  -------------------  ----------------------
/opt/airflow/dags/etl_pipeline.py                           1           0  0.07s           2026-09-27T01:42:08                      10
================================================================================
[2026-09-27T01:42:45.373+0000] {manager.py:997} INFO - 
================================================================================
DAG File Processing Stats

File Path                          PID    Runtime      # DAGs    # Errors  Last Runtime    Last Run               Last # of DB Queries
---------------------------------  -----  ---------  --------  ----------  --------------  -------------------  ----------------------
/opt/airflow/dags/etl_pipeline.py                           1           0  0.07s           2026-09-27T01:42:39                      10
================================================================================
[2026-09-27T01:43:05.106+0000] {manager.py:821} INFO - Searching for files in /opt/airflow/dags
[2026-09-27T01:43:05.109+0000] {manager.py:824} INFO - There are 1 files in /opt/airflow/dags
[2026-09-27T01:43:15.935+0000] {manager.py:997} INFO - 
================================================================================
DAG File Processing Stats

File Path                          PID    Runtime      # DAGs    # Errors  Last Runtime    Last Run               Last # of DB Queries
---------------------------------  -----  ---------  --------  ----------  --------------  -------------------  ----------------------
/opt/airflow/dags/etl_pipeline.py                           1           0  0.08s           2026-09-27T01:43:09                      10
================================================================================
[2026-09-27T01:43:46.514+0000] {manager.py:997} INFO - 
================================================================================
DAG File Processing Stats

File Path                          PID    Runtime      # DAGs    # Errors  Last Runtime    Last Run               Last # of DB Queries
---------------------------------  -----  ---------  --------  ----------  --------------  -------------------  ----------------------
/opt/airflow/dags/etl_pipeline.py                           1           0  0.06s           2026-09-27T01:43:40                      10
================================================================================
[2026-09-27T01:44:16.985+0000] {manager.py:997} INFO - 
================================================================================
DAG File Processing Stats

File Path                          PID    Runtime      # DAGs    # Errors  Last Runtime    Last Run               Last # of DB Queries
---------------------------------  -----  ---------  --------  ----------  --------------  -------------------  ----------------------
/opt/airflow/dags/etl_pipeline.py                           1           0  0.07s           2026-09-27T01:44:10                      10
================================================================================
[2026-09-27T01:44:47.356+0000] {manager.py:997} INFO - 
================================================================================
DAG File Processing Stats

File Path                          PID    Runtime      # DAGs    # Errors  Last Runtime    Last Run               Last # of DB Queries
---------------------------------  -----  ---------  --------  ----------  --------------  -------------------  ----------------------
/opt/airflow/dags/etl_pipeline.py                           1           0  0.08s           2026-09-27T01:44:41                      10
================================================================================
[2026-09-27T01:45:17.716+0000] {manager.py:997} INFO - 
================================================================================
DAG File Processing Stats

File Path                          PID    Runtime      # DAGs    # Errors  Last Runtime    Last Run               Last # of DB Queries
---------------------------------  -----  ---------  --------  ----------  --------------  -------------------  ----------------------
/opt/airflow/dags/etl_pipeline.py                           1           0  0.07s           2026-09-27T01:45:11                      10
================================================================================
[2026-09-27T01:45:48.255+0000] {manager.py:997} INFO - 
================================================================================
DAG File Processing Stats

File Path                          PID    Runtime      # DAGs    # Errors  Last Runtime    Last Run               Last # of DB Queries
---------------------------------  -----  ---------  --------  ----------  --------------  -------------------  ----------------------
/opt/airflow/dags/etl_pipeline.py                           1           0  0.07s           2026-09-27T01:45:42                      10
================================================================================
[2026-09-27T01:46:19.091+0000] {manager.py:997} INFO - 
================================================================================
DAG File Processing Stats

File Path                          PID    Runtime      # DAGs    # Errors  Last Runtime    Last Run               Last # of DB Queries
---------------------------------  -----  ---------  --------  ----------  --------------  -------------------  ----------------------
/opt/airflow/dags/etl_pipeline.py                           1           0  0.06s           2026-09-27T01:46:13                      10
================================================================================
[2026-09-27T01:46:49.638+0000] {manager.py:997} INFO - 
================================================================================
DAG File Processing Stats

File Path                          PID    Runtime      # DAGs    # Errors  Last Runtime    Last Run               Last # of DB Queries
---------------------------------  -----  ---------  --------  ----------  --------------  -------------------  ----------------------
/opt/airflow/dags/etl_pipeline.py                           1           0  0.07s           2026-09-27T01:46:43                      10
================================================================================
[2026-09-27T01:47:19.900+0000] {manager.py:997} INFO - 
================================================================================
DAG File Processing Stats

File Path                          PID    Runtime      # DAGs    # Errors  Last Runtime    Last Run               Last # of DB Queries
---------------------------------  -----  ---------  --------  ----------  --------------  -------------------  ----------------------
/opt/airflow/dags/etl_pipeline.py                           1           0  0.08s           2026-09-27T01:47:13                      10
================================================================================
[2026-09-27T01:47:50.597+0000] {manager.py:997} INFO - 
================================================================================
DAG File Processing Stats

File Path                          PID    Runtime      # DAGs    # Errors  Last Runtime    Last Run               Last # of DB Queries
---------------------------------  -----  ---------  --------  ----------  --------------  -------------------  ----------------------
/opt/airflow/dags/etl_pipeline.py                           1           0  0.07s           2026-09-27T01:47:44                      10
================================================================================
[2026-09-27T01:48:05.797+0000] {manager.py:821} INFO - Searching for files in /opt/airflow/dags
[2026-09-27T01:48:05.799+0000] {manager.py:824} INFO - There are 1 files in /opt/airflow/dags
[2026-09-27T01:48:21.207+0000] {manager.py:997} INFO - 
================================================================================
DAG File Processing Stats

File Path                          PID    Runtime      # DAGs    # Errors  Last Runtime    Last Run               Last # of DB Queries
---------------------------------  -----  ---------  --------  ----------  --------------  -------------------  ----------------------
/opt/airflow/dags/etl_pipeline.py                           1           0  0.07s           2026-09-27T01:48:15                      10
================================================================================
[2026-09-27T01:48:51.703+0000] {manager.py:997} INFO - 
================================================================================
DAG File Processing Stats

File Path                          PID    Runtime      # DAGs    # Errors  Last Runtime    Last Run               Last # of DB Queries
---------------------------------  -----  ---------  --------  ----------  --------------  -------------------  ----------------------
/opt/airflow/dags/etl_pipeline.py                           1           0  0.07s           2026-09-27T01:48:45                      10
================================================================================
[2026-09-27T01:49:22.127+0000] {manager.py:997} INFO - 
================================================================================
DAG File Processing Stats

File Path                          PID    Runtime      # DAGs    # Errors  Last Runtime    Last Run               Last # of DB Queries
---------------------------------  -----  ---------  --------  ----------  --------------  -------------------  ----------------------
/opt/airflow/dags/etl_pipeline.py                           1           0  0.06s           2026-09-27T01:49:16                      10
================================================================================
[2026-09-27T01:49:52.813+0000] {manager.py:997} INFO - 
================================================================================
DAG File Processing Stats

File Path                          PID    Runtime      # DAGs    # Errors  Last Runtime    Last Run               Last # of DB Queries
---------------------------------  -----  ---------  --------  ----------  --------------  -------------------  ----------------------
/opt/airflow/dags/etl_pipeline.py                           1           0  0.07s           2026-09-27T01:49:46                      10
================================================================================
[2026-09-27T01:50:23.168+0000] {manager.py:997} INFO - 
================================================================================
DAG File Processing Stats

File Path                          PID    Runtime      # DAGs    # Errors  Last Runtime    Last Run               Last # of DB Queries
---------------------------------  -----  ---------  --------  ----------  --------------  -------------------  ----------------------
/opt/airflow/dags/etl_pipeline.py                           1           0  0.06s           2026-09-27T01:50:17                      10
================================================================================
[2026-09-27T01:50:53.921+0000] {manager.py:997} INFO - 
================================================================================
DAG File Processing Stats

File Path                          PID    Runtime      # DAGs    # Errors  Last Runtime    Last Run               Last # of DB Queries
---------------------------------  -----  ---------  --------  ----------  --------------  -------------------  ----------------------
/opt/airflow/dags/etl_pipeline.py                           1           0  0.07s           2026-09-27T01:50:47                      10
================================================================================
[2026-09-27T01:51:24.415+0000] {manager.py:997} INFO - 
================================================================================
DAG File Processing Stats

File Path                          PID    Runtime      # DAGs    # Errors  Last Runtime    Last Run               Last # of DB Queries
---------------------------------  -----  ---------  --------  ----------  --------------  -------------------  ----------------------
/opt/airflow/dags/etl_pipeline.py                           1           0  0.06s           2026-09-27T01:51:18                      10
================================================================================
[2026-09-27T01:51:55.328+0000] {manager.py:997} INFO - 
================================================================================
DAG File Processing Stats

File Path                          PID    Runtime      # DAGs    # Errors  Last Runtime    Last Run               Last # of DB Queries
---------------------------------  -----  ---------  --------  ----------  --------------  -------------------  ----------------------
/opt/airflow/dags/etl_pipeline.py                           1           0  0.06s           2026-09-27T01:51:49                      10
================================================================================
[2026-09-27T01:52:25.922+0000] {manager.py:997} INFO - 
================================================================================
DAG File Processing Stats

File Path                          PID    Runtime      # DAGs    # Errors  Last Runtime    Last Run               Last # of DB Queries
---------------------------------  -----  ---------  --------  ----------  --------------  -------------------  ----------------------
/opt/airflow/dags/etl_pipeline.py                           1           0  0.06s           2026-09-27T01:52:19                      10
================================================================================
[2026-09-27T01:52:56.685+0000] {manager.py:997} INFO - 
================================================================================
DAG File Processing Stats

File Path                          PID    Runtime      # DAGs    # Errors  Last Runtime    Last Run               Last # of DB Queries
---------------------------------  -----  ---------  --------  ----------  --------------  -------------------  ----------------------
/opt/airflow/dags/etl_pipeline.py                           1           0  0.06s           2026-09-27T01:52:50                      10
================================================================================
[2026-09-27T01:53:05.926+0000] {manager.py:821} INFO - Searching for files in /opt/airflow/dags
[2026-09-27T01:53:05.930+0000] {manager.py:824} INFO - There are 1 files in /opt/airflow/dags
[2026-09-27T01:53:27.234+0000] {manager.py:997} INFO - 
================================================================================
DAG File Processing Stats

File Path                          PID    Runtime      # DAGs    # Errors  Last Runtime    Last Run               Last # of DB Queries
---------------------------------  -----  ---------  --------  ----------  --------------  -------------------  ----------------------
/opt/airflow/dags/etl_pipeline.py                           1           0  0.06s           2026-09-27T01:53:21                      10
================================================================================
[2026-09-27T01:53:57.847+0000] {manager.py:997} INFO - 
================================================================================
DAG File Processing Stats

File Path                          PID    Runtime      # DAGs    # Errors  Last Runtime    Last Run               Last # of DB Queries
---------------------------------  -----  ---------  --------  ----------  --------------  -------------------  ----------------------
/opt/airflow/dags/etl_pipeline.py                           1           0  0.06s           2026-09-27T01:53:51                      10
================================================================================
[2026-09-27T01:54:28.420+0000] {manager.py:997} INFO - 
================================================================================
DAG File Processing Stats

File Path                          PID    Runtime      # DAGs    # Errors  Last Runtime    Last Run               Last # of DB Queries
---------------------------------  -----  ---------  --------  ----------  --------------  -------------------  ----------------------
/opt/airflow/dags/etl_pipeline.py                           1           0  0.09s           2026-09-27T01:54:13                      16
================================================================================
[2026-09-27T01:54:59.092+0000] {manager.py:997} INFO - 
================================================================================
DAG File Processing Stats

File Path                          PID    Runtime      # DAGs    # Errors  Last Runtime    Last Run               Last # of DB Queries
---------------------------------  -----  ---------  --------  ----------  --------------  -------------------  ----------------------
/opt/airflow/dags/etl_pipeline.py                           1           0  0.07s           2026-09-27T01:54:44                      10
================================================================================
[2026-09-27T01:55:29.511+0000] {manager.py:997} INFO - 
================================================================================
DAG File Processing Stats

File Path                          PID    Runtime      # DAGs    # Errors  Last Runtime    Last Run               Last # of DB Queries
---------------------------------  -----  ---------  --------  ----------  --------------  -------------------  ----------------------
/opt/airflow/dags/etl_pipeline.py                           1           0  0.07s           2026-09-27T01:55:15                      10
================================================================================
[2026-09-27T01:56:00.018+0000] {manager.py:997} INFO - 
================================================================================
DAG File Processing Stats

File Path                          PID    Runtime      # DAGs    # Errors  Last Runtime    Last Run               Last # of DB Queries
---------------------------------  -----  ---------  --------  ----------  --------------  -------------------  ----------------------
/opt/airflow/dags/etl_pipeline.py                           1           0  0.06s           2026-09-27T01:55:45                      10
================================================================================
[2026-09-27T01:56:30.661+0000] {manager.py:997} INFO - 
================================================================================
DAG File Processing Stats

File Path                          PID    Runtime      # DAGs    # Errors  Last Runtime    Last Run               Last # of DB Queries
---------------------------------  -----  ---------  --------  ----------  --------------  -------------------  ----------------------
/opt/airflow/dags/etl_pipeline.py                           1           0  0.07s           2026-09-27T01:56:16                      10
================================================================================
[2026-09-27T01:57:01.360+0000] {manager.py:997} INFO - 
================================================================================
DAG File Processing Stats

File Path                          PID    Runtime      # DAGs    # Errors  Last Runtime    Last Run               Last # of DB Queries
---------------------------------  -----  ---------  --------  ----------  --------------  -------------------  ----------------------
/opt/airflow/dags/etl_pipeline.py                           1           0  0.06s           2026-09-27T01:56:46                      10
================================================================================
[2026-09-27T01:57:32.325+0000] {manager.py:997} INFO - 
================================================================================
DAG File Processing Stats

File Path                          PID    Runtime      # DAGs    # Errors  Last Runtime    Last Run               Last # of DB Queries
---------------------------------  -----  ---------  --------  ----------  --------------  -------------------  ----------------------
/opt/airflow/dags/etl_pipeline.py                           1           0  0.06s           2026-09-27T01:57:17                      10
================================================================================
[2026-09-27T01:58:02.871+0000] {manager.py:997} INFO - 
================================================================================
DAG File Processing Stats

File Path                          PID    Runtime      # DAGs    # Errors  Last Runtime    Last Run               Last # of DB Queries
---------------------------------  -----  ---------  --------  ----------  --------------  -------------------  ----------------------
/opt/airflow/dags/etl_pipeline.py                           1           0  0.06s           2026-09-27T01:57:47                      10
================================================================================
[2026-09-27T01:58:06.237+0000] {manager.py:821} INFO - Searching for files in /opt/airflow/dags
[2026-09-27T01:58:06.239+0000] {manager.py:824} INFO - There are 1 files in /opt/airflow/dags
[2026-09-27T01:58:33.841+0000] {manager.py:997} INFO - 
================================================================================
DAG File Processing Stats

File Path                          PID    Runtime      # DAGs    # Errors  Last Runtime    Last Run               Last # of DB Queries
---------------------------------  -----  ---------  --------  ----------  --------------  -------------------  ----------------------
/opt/airflow/dags/etl_pipeline.py                           1           0  0.06s           2026-09-27T01:58:18                      10
================================================================================
[2026-09-27T01:59:04.653+0000] {manager.py:997} INFO - 
================================================================================
DAG File Processing Stats

File Path                          PID    Runtime      # DAGs    # Errors  Last Runtime    Last Run               Last # of DB Queries
---------------------------------  -----  ---------  --------  ----------  --------------  -------------------  ----------------------
/opt/airflow/dags/etl_pipeline.py                           1           0  0.07s           2026-09-27T01:58:49                      10
================================================================================
[2026-09-27T01:59:35.233+0000] {manager.py:997} INFO - 
================================================================================
DAG File Processing Stats

File Path                          PID    Runtime      # DAGs    # Errors  Last Runtime    Last Run               Last # of DB Queries
---------------------------------  -----  ---------  --------  ----------  --------------  -------------------  ----------------------
/opt/airflow/dags/etl_pipeline.py                           1           0  0.09s           2026-09-27T01:59:11                      16
================================================================================
[2026-09-27T02:00:05.731+0000] {manager.py:997} INFO - 
================================================================================
DAG File Processing Stats

File Path                          PID    Runtime      # DAGs    # Errors  Last Runtime    Last Run               Last # of DB Queries
---------------------------------  -----  ---------  --------  ----------  --------------  -------------------  ----------------------
/opt/airflow/dags/etl_pipeline.py                           1           0  0.06s           2026-09-27T01:59:41                      10
================================================================================
[2026-09-27T02:00:36.211+0000] {manager.py:997} INFO - 
================================================================================
DAG File Processing Stats

File Path                          PID    Runtime      # DAGs    # Errors  Last Runtime    Last Run               Last # of DB Queries
---------------------------------  -----  ---------  --------  ----------  --------------  -------------------  ----------------------
/opt/airflow/dags/etl_pipeline.py                           1           0  0.07s           2026-09-27T02:00:11                      10
================================================================================
[2026-09-27T02:01:06.956+0000] {manager.py:997} INFO - 
================================================================================
DAG File Processing Stats

File Path                          PID    Runtime      # DAGs    # Errors  Last Runtime    Last Run               Last # of DB Queries
---------------------------------  -----  ---------  --------  ----------  --------------  -------------------  ----------------------
/opt/airflow/dags/etl_pipeline.py                           1           0  0.06s           2026-09-27T02:00:42                      10
================================================================================
[2026-09-27T02:01:37.827+0000] {manager.py:997} INFO - 
================================================================================
DAG File Processing Stats

File Path                          PID    Runtime      # DAGs    # Errors  Last Runtime    Last Run               Last # of DB Queries
---------------------------------  -----  ---------  --------  ----------  --------------  -------------------  ----------------------
/opt/airflow/dags/etl_pipeline.py                           1           0  0.07s           2026-09-27T02:01:13                      10
================================================================================
[2026-09-27T02:02:08.274+0000] {manager.py:997} INFO - 
================================================================================
DAG File Processing Stats

File Path                          PID    Runtime      # DAGs    # Errors  Last Runtime    Last Run               Last # of DB Queries
---------------------------------  -----  ---------  --------  ----------  --------------  -------------------  ----------------------
/opt/airflow/dags/etl_pipeline.py                           1           0  0.06s           2026-09-27T02:01:44                      10
================================================================================
[2026-09-27T02:02:38.635+0000] {manager.py:997} INFO - 
================================================================================
DAG File Processing Stats

File Path                          PID    Runtime      # DAGs    # Errors  Last Runtime    Last Run               Last # of DB Queries
---------------------------------  -----  ---------  --------  ----------  --------------  -------------------  ----------------------
/opt/airflow/dags/etl_pipeline.py                           1           0  0.07s           2026-09-27T02:02:14                      10
================================================================================
[2026-09-27T02:03:07.185+0000] {manager.py:821} INFO - Searching for files in /opt/airflow/dags
[2026-09-27T02:03:07.189+0000] {manager.py:824} INFO - There are 1 files in /opt/airflow/dags
[2026-09-27T02:03:09.222+0000] {manager.py:997} INFO - 
================================================================================
DAG File Processing Stats

File Path                          PID    Runtime      # DAGs    # Errors  Last Runtime    Last Run               Last # of DB Queries
---------------------------------  -----  ---------  --------  ----------  --------------  -------------------  ----------------------
/opt/airflow/dags/etl_pipeline.py                           1           0  0.06s           2026-09-27T02:02:44                      10
================================================================================
[2026-09-27T02:03:39.926+0000] {manager.py:997} INFO - 
================================================================================
DAG File Processing Stats

File Path                          PID    Runtime      # DAGs    # Errors  Last Runtime    Last Run               Last # of DB Queries
---------------------------------  -----  ---------  --------  ----------  --------------  -------------------  ----------------------
/opt/airflow/dags/etl_pipeline.py                           1           0  0.06s           2026-09-27T02:03:15                      10
================================================================================
[2026-09-27T02:04:10.022+0000] {manager.py:997} INFO - 
================================================================================
DAG File Processing Stats

File Path                          PID    Runtime      # DAGs    # Errors  Last Runtime    Last Run               Last # of DB Queries
---------------------------------  -----  ---------  --------  ----------  --------------  -------------------  ----------------------
/opt/airflow/dags/etl_pipeline.py                           1           0  0.07s           2026-09-27T02:03:46                      10
================================================================================
[2026-09-27T02:04:40.421+0000] {manager.py:997} INFO - 
================================================================================
DAG File Processing Stats

File Path                          PID    Runtime      # DAGs    # Errors  Last Runtime    Last Run               Last # of DB Queries
---------------------------------  -----  ---------  --------  ----------  --------------  -------------------  ----------------------
/opt/airflow/dags/etl_pipeline.py                           1           0  0.06s           2026-09-27T02:04:17                      10
================================================================================
[2026-09-27T02:05:11.161+0000] {manager.py:997} INFO - 
================================================================================
DAG File Processing Stats

File Path                          PID    Runtime      # DAGs    # Errors  Last Runtime    Last Run               Last # of DB Queries
---------------------------------  -----  ---------  --------  ----------  --------------  -------------------  ----------------------
/opt/airflow/dags/etl_pipeline.py                           1           0  0.06s           2026-09-27T02:04:47                      10
================================================================================
[2026-09-27T02:05:41.726+0000] {manager.py:997} INFO - 
================================================================================
DAG File Processing Stats

File Path                          PID    Runtime      # DAGs    # Errors  Last Runtime    Last Run               Last # of DB Queries
---------------------------------  -----  ---------  --------  ----------  --------------  -------------------  ----------------------
/opt/airflow/dags/etl_pipeline.py                           1           0  0.07s           2026-09-27T02:05:18                      10
================================================================================
[2026-09-27T02:06:12.575+0000] {manager.py:997} INFO - 
================================================================================
DAG File Processing Stats

File Path                          PID    Runtime      # DAGs    # Errors  Last Runtime    Last Run               Last # of DB Queries
---------------------------------  -----  ---------  --------  ----------  --------------  -------------------  ----------------------
/opt/airflow/dags/etl_pipeline.py                           1           0  0.07s           2026-09-27T02:05:49                      10
================================================================================
[2026-09-27T02:06:42.966+0000] {manager.py:997} INFO - 
================================================================================
DAG File Processing Stats

File Path                          PID    Runtime      # DAGs    # Errors  Last Runtime    Last Run               Last # of DB Queries
---------------------------------  -----  ---------  --------  ----------  --------------  -------------------  ----------------------
/opt/airflow/dags/etl_pipeline.py                           1           0  0.07s           2026-09-27T02:06:19                      10
================================================================================
[2026-09-27T02:07:13.294+0000] {manager.py:997} INFO - 
================================================================================
DAG File Processing Stats

File Path                          PID    Runtime      # DAGs    # Errors  Last Runtime    Last Run               Last # of DB Queries
---------------------------------  -----  ---------  --------  ----------  --------------  -------------------  ----------------------
/opt/airflow/dags/etl_pipeline.py                           1           0  0.08s           2026-09-27T02:06:50                      10
================================================================================
[2026-09-27T02:07:43.980+0000] {manager.py:997} INFO - 
================================================================================
DAG File Processing Stats

File Path                          PID    Runtime      # DAGs    # Errors  Last Runtime    Last Run               Last # of DB Queries
---------------------------------  -----  ---------  --------  ----------  --------------  -------------------  ----------------------
/opt/airflow/dags/etl_pipeline.py                           1           0  0.06s           2026-09-27T02:07:20                      10
================================================================================
[2026-09-27T02:08:07.588+0000] {manager.py:821} INFO - Searching for files in /opt/airflow/dags
[2026-09-27T02:08:07.592+0000] {manager.py:824} INFO - There are 1 files in /opt/airflow/dags
[2026-09-27T02:08:14.846+0000] {manager.py:997} INFO - 
================================================================================
DAG File Processing Stats

File Path                          PID    Runtime      # DAGs    # Errors  Last Runtime    Last Run               Last # of DB Queries
---------------------------------  -----  ---------  --------  ----------  --------------  -------------------  ----------------------
/opt/airflow/dags/etl_pipeline.py                           1           0  0.07s           2026-09-27T02:07:51                      10
================================================================================
[2026-09-27T02:08:45.482+0000] {manager.py:997} INFO - 
================================================================================
DAG File Processing Stats

File Path                          PID    Runtime      # DAGs    # Errors  Last Runtime    Last Run               Last # of DB Queries
---------------------------------  -----  ---------  --------  ----------  --------------  -------------------  ----------------------
/opt/airflow/dags/etl_pipeline.py                           1           0  0.06s           2026-09-27T02:08:21                      10
================================================================================
[2026-09-27T02:09:15.491+0000] {manager.py:997} INFO - 
================================================================================
DAG File Processing Stats

File Path                          PID    Runtime      # DAGs    # Errors  Last Runtime    Last Run               Last # of DB Queries
---------------------------------  -----  ---------  --------  ----------  --------------  -------------------  ----------------------
/opt/airflow/dags/etl_pipeline.py                           1           0  0.07s           2026-09-27T02:08:52                      10
================================================================================
[2026-09-27T02:09:46.036+0000] {manager.py:997} INFO - 
================================================================================
DAG File Processing Stats

File Path                          PID    Runtime      # DAGs    # Errors  Last Runtime    Last Run               Last # of DB Queries
---------------------------------  -----  ---------  --------  ----------  --------------  -------------------  ----------------------
/opt/airflow/dags/etl_pipeline.py                           1           0  0.07s           2026-09-27T02:09:23                      10
================================================================================
